Archive member included to satisfy reference by file (symbol)

C:/Users/HP/AppData/Roaming/xPacks/@xpack-dev-tools/arm-none-eabi-gcc/13.2.1-1.1.1/.content/bin/../lib/gcc/arm-none-eabi/13.2.1/thumb/v7e-m+fp/softfp\libgcc.a(_aeabi_uldivmod.o)
                              ./system/src/stm32f4-hal/stm32f4xx_hal_rcc.o (__aeabi_uldivmod)
C:/Users/HP/AppData/Roaming/xPacks/@xpack-dev-tools/arm-none-eabi-gcc/13.2.1-1.1.1/.content/bin/../lib/gcc/arm-none-eabi/13.2.1/thumb/v7e-m+fp/softfp\libgcc.a(_udivmoddi4.o)
                              C:/Users/HP/AppData/Roaming/xPacks/@xpack-dev-tools/arm-none-eabi-gcc/13.2.1-1.1.1/.content/bin/../lib/gcc/arm-none-eabi/13.2.1/thumb/v7e-m+fp/softfp\libgcc.a(_aeabi_uldivmod.o) (__udivmoddi4)
C:/Users/HP/AppData/Roaming/xPacks/@xpack-dev-tools/arm-none-eabi-gcc/13.2.1-1.1.1/.content/bin/../lib/gcc/arm-none-eabi/13.2.1/thumb/v7e-m+fp/softfp\libgcc.a(_dvmd_tls.o)
                              C:/Users/HP/AppData/Roaming/xPacks/@xpack-dev-tools/arm-none-eabi-gcc/13.2.1-1.1.1/.content/bin/../lib/gcc/arm-none-eabi/13.2.1/thumb/v7e-m+fp/softfp\libgcc.a(_aeabi_uldivmod.o) (__aeabi_ldiv0)
C:/Users/HP/AppData/Roaming/xPacks/@xpack-dev-tools/arm-none-eabi-gcc/13.2.1-1.1.1/.content/bin/../lib/gcc/arm-none-eabi/13.2.1/../../../../arm-none-eabi/lib/thumb/v7e-m+fp/softfp\libg_nano.a(libc_a-rand.o)
                              ./src/main.o (srand)
C:/Users/HP/AppData/Roaming/xPacks/@xpack-dev-tools/arm-none-eabi-gcc/13.2.1-1.1.1/.content/bin/../lib/gcc/arm-none-eabi/13.2.1/../../../../arm-none-eabi/lib/thumb/v7e-m+fp/softfp\libg_nano.a(libc_a-ctype_.o)
                              ./system/src/newlib/syscalls.o (_ctype_)
C:/Users/HP/AppData/Roaming/xPacks/@xpack-dev-tools/arm-none-eabi-gcc/13.2.1-1.1.1/.content/bin/../lib/gcc/arm-none-eabi/13.2.1/../../../../arm-none-eabi/lib/thumb/v7e-m+fp/softfp\libg_nano.a(libc_a-findfp.o)
                              ./system/src/newlib/syscalls.o (__sinit)
C:/Users/HP/AppData/Roaming/xPacks/@xpack-dev-tools/arm-none-eabi-gcc/13.2.1-1.1.1/.content/bin/../lib/gcc/arm-none-eabi/13.2.1/../../../../arm-none-eabi/lib/thumb/v7e-m+fp/softfp\libg_nano.a(libc_a-fwalk.o)
                              C:/Users/HP/AppData/Roaming/xPacks/@xpack-dev-tools/arm-none-eabi-gcc/13.2.1-1.1.1/.content/bin/../lib/gcc/arm-none-eabi/13.2.1/../../../../arm-none-eabi/lib/thumb/v7e-m+fp/softfp\libg_nano.a(libc_a-findfp.o) (_fwalk_sglue)
C:/Users/HP/AppData/Roaming/xPacks/@xpack-dev-tools/arm-none-eabi-gcc/13.2.1-1.1.1/.content/bin/../lib/gcc/arm-none-eabi/13.2.1/../../../../arm-none-eabi/lib/thumb/v7e-m+fp/softfp\libg_nano.a(libc_a-printf.o)
                              ./src/main.o (printf)
C:/Users/HP/AppData/Roaming/xPacks/@xpack-dev-tools/arm-none-eabi-gcc/13.2.1-1.1.1/.content/bin/../lib/gcc/arm-none-eabi/13.2.1/../../../../arm-none-eabi/lib/thumb/v7e-m+fp/softfp\libg_nano.a(libc_a-putchar.o)
                              ./src/main.o (putchar)
C:/Users/HP/AppData/Roaming/xPacks/@xpack-dev-tools/arm-none-eabi-gcc/13.2.1-1.1.1/.content/bin/../lib/gcc/arm-none-eabi/13.2.1/../../../../arm-none-eabi/lib/thumb/v7e-m+fp/softfp\libg_nano.a(libc_a-puts.o)
                              ./src/main.o (puts)
C:/Users/HP/AppData/Roaming/xPacks/@xpack-dev-tools/arm-none-eabi-gcc/13.2.1-1.1.1/.content/bin/../lib/gcc/arm-none-eabi/13.2.1/../../../../arm-none-eabi/lib/thumb/v7e-m+fp/softfp\libg_nano.a(libc_a-sprintf.o)
                              ./src/main.o (sprintf)
C:/Users/HP/AppData/Roaming/xPacks/@xpack-dev-tools/arm-none-eabi-gcc/13.2.1-1.1.1/.content/bin/../lib/gcc/arm-none-eabi/13.2.1/../../../../arm-none-eabi/lib/thumb/v7e-m+fp/softfp\libg_nano.a(libc_a-stdio.o)
                              C:/Users/HP/AppData/Roaming/xPacks/@xpack-dev-tools/arm-none-eabi-gcc/13.2.1-1.1.1/.content/bin/../lib/gcc/arm-none-eabi/13.2.1/../../../../arm-none-eabi/lib/thumb/v7e-m+fp/softfp\libg_nano.a(libc_a-findfp.o) (__sread)
C:/Users/HP/AppData/Roaming/xPacks/@xpack-dev-tools/arm-none-eabi-gcc/13.2.1-1.1.1/.content/bin/../lib/gcc/arm-none-eabi/13.2.1/../../../../arm-none-eabi/lib/thumb/v7e-m+fp/softfp\libg_nano.a(libc_a-vsnprintf.o)
                              ./system/src/diag/trace.o (vsnprintf)
C:/Users/HP/AppData/Roaming/xPacks/@xpack-dev-tools/arm-none-eabi-gcc/13.2.1-1.1.1/.content/bin/../lib/gcc/arm-none-eabi/13.2.1/../../../../arm-none-eabi/lib/thumb/v7e-m+fp/softfp\libg_nano.a(libc_a-wbuf.o)
                              C:/Users/HP/AppData/Roaming/xPacks/@xpack-dev-tools/arm-none-eabi-gcc/13.2.1-1.1.1/.content/bin/../lib/gcc/arm-none-eabi/13.2.1/../../../../arm-none-eabi/lib/thumb/v7e-m+fp/softfp\libg_nano.a(libc_a-puts.o) (__swbuf_r)
C:/Users/HP/AppData/Roaming/xPacks/@xpack-dev-tools/arm-none-eabi-gcc/13.2.1-1.1.1/.content/bin/../lib/gcc/arm-none-eabi/13.2.1/../../../../arm-none-eabi/lib/thumb/v7e-m+fp/softfp\libg_nano.a(libc_a-wsetup.o)
[...]
Memory Configuration

Name             Origin             Length             Attributes
RAM              0x20000000         0x00020000         xrw
CCMRAM           0x10000000         0x00010000         xrw
FLASH            0x08000000         0x00100000         xr
FLASHB1          0x00000000         0x00000000         xr
EXTMEMB0         0x00000000         0x00000000         xr
EXTMEMB1         0x00000000         0x00000000         xr
EXTMEMB2         0x00000000         0x00000000         xr
EXTMEMB3         0x00000000         0x00000000         xr
MEMORY_ARRAY     0x20002000         0x00000020         xrw
*default*        0x00000000         0xffffffff

Linker script and memory map

LOAD ./system/src/stm32f4-hal/stm32f4xx_hal.o
LOAD ./system/src/stm32f4-hal/stm32f4xx_hal_cortex.o
LOAD ./system/src/stm32f4-hal/stm32f4xx_hal_flash.o
LOAD ./system/src/stm32f4-hal/stm32f4xx_hal_flash_ex.o
LOAD ./system/src/stm32f4-hal/stm32f4xx_hal_flash_ramfunc.o
LOAD ./system/src/stm32f4-hal/stm32f4xx_hal_gpio.o
LOAD ./system/src/stm32f4-hal/stm32f4xx_hal_iwdg.o
LOAD ./system/src/stm32f4-hal/stm32f4xx_hal_pwr.o
LOAD ./system/src/stm32f4-hal/stm32f4xx_hal_rcc.o
LOAD ./system/src/newlib/assert.o
LOAD ./system/src/newlib/cxx.o
LOAD ./system/src/newlib/exit.o
LOAD ./system/src/newlib/sbrk.o
LOAD ./system/src/newlib/startup.o
LOAD ./system/src/newlib/syscalls.o
LOAD ./system/src/diag/trace-impl.o
LOAD ./system/src/diag/trace.o
LOAD ./system/src/cortexm/exception-handlers.o
LOAD ./system/src/cortexm/initialize-hardware.o
LOAD ./system/src/cortexm/reset-hardware.o
LOAD ./system/src/cmsis/system_stm32f4xx.o
LOAD ./system/src/cmsis/vectors_stm32f407xx.o
LOAD ./src/initialize-hardware.o
LOAD ./src/led.o
LOAD ./src/main.o
LOAD ./src/stm32f4xx_hal_msp.o
LOAD ./src/write.o
LOAD ./FreeRTOS Source/portable/MemMang/heap_4.o
LOAD ./FreeRTOS Source/portable/GCC/ARM_CM4F/port.o
LOAD ./FreeRTOS Source/croutine.o
LOAD ./FreeRTOS Source/event_groups.o
LOAD ./FreeRTOS Source/list.o
LOAD ./FreeRTOS Source/queue.o
LOAD ./FreeRTOS Source/tasks.o
LOAD ./FreeRTOS Source/timers.o
LOAD C:/Users/HP/AppData/Roaming/xPacks/@xpack-dev-tools/arm-none-eabi-gcc/13.2.1-1.1.1/.content/bin/../lib/gcc/arm-none-eabi/13.2.1/../../../../arm-none-eabi/lib/thumb/v7e-m+fp/softfp\libstdc++_nano.a
LOAD C:/Users/HP/AppData/Roaming/xPacks/@xpack-dev-tools/arm-none-eabi-gcc/13.2.1-1.1.1/.content/bin/../lib/gcc/arm-none-eabi/13.2.1/../../../../arm-none-eabi/lib/thumb/v7e-m+fp/softfp\libm.a
START GROUP
LOAD C:/Users/HP/AppData/Roaming/xPacks/@xpack-dev-tools/arm-none-eabi-gcc/13.2.1-1.1.1/.content/bin/../lib/gcc/arm-none-eabi/13.2.1/thumb/v7e-m+fp/softfp\libgcc.a
LOAD C:/Users/HP/AppData/Roaming/xPacks/@xpack-dev-tools/arm-none-eabi-gcc/13.2.1-1.1.1/.content/bin/../lib/gcc/arm-none-eabi/13.2.1/../../../../arm-none-eabi/lib/thumb/v7e-m+fp/softfp\libg_nano.a
LOAD C:/Users/HP/AppData/Roaming/xPacks/@xpack-dev-tools/arm-none-eabi-gcc/13.2.1-1.1.1/.content/bin/../lib/gcc/arm-none-eabi/13.2.1/../../../../arm-none-eabi/lib/thumb/v7e-m+fp/softfp\libc_nano.a
END GROUP
START GROUP
LOAD C:/Users/HP/AppData/Roaming/xPacks/@xpack-dev-tools/arm-none-eabi-gcc/13.2.1-1.1.1/.content/bin/../lib/gcc/arm-none-eabi/13.2.1/thumb/v7e-m+fp/softfp\libgcc.a
LOAD C:/Users/HP/AppData/Roaming/xPacks/@xpack-dev-tools/arm-none-eabi-gcc/13.2.1-1.1.1/.content/bin/../lib/gcc/arm-none-eabi/13.2.1/../../../../arm-none-eabi/lib/thumb/v7e-m+fp/softfp\libc_nano.a
END GROUP
                0x20020000                        __stack = (ORIGIN (RAM) + LENGTH (RAM))
                0x20020000                        _estack = __stack
                0x00000400                        __Main_Stack_Size = 0x400
                [!provide]                        PROVIDE (_Main_Stack_Size = __Main_Stack_Size)
                0x2001fc00                        __Main_Stack_Limit = (__stack - __Main_Stack_Size)
                [!provide]                        PROVIDE (_Main_Stack_Limit = __Main_Stack_Limit)
                0x00000100                        _Minimum_Stack_Size = 0x100
                0x2001317c                        PROVIDE (_Heap_Begin = _end_noinit)
                0x2001fc00                        PROVIDE (_Heap_Limit = (__stack - __Main_Stack_Size))

.isr_vector     0x08000000      0x3e8
 FILL mask 0xff
                0x08000000                        __vectors_start = ABSOLUTE (.)
                0x08000000                        __vectors_start__ = ABSOLUTE (.)
 *(.isr_vector)
 .isr_vector    0x08000000      0x188 ./system/src/cmsis/vectors_stm32f407xx.o
                0x08000000                __isr_vectors
 *(.cfmconfig)
 *(.after_vectors .after_vectors.*)
 .after_vectors
                0x08000188      0x130 ./system/src/newlib/startup.o
                0x08000188                _start
 .after_vectors
                0x080002b8      0x12c ./system/src/cortexm/exception-handlers.o
                0x080002b8                Reset_Handler
                0x080002be                NMI_Handler
                0x080002c2                HardFault_Handler
                0x080002d6                HardFault_Handler_C
                0x08000334                MemManage_Handler
                0x08000338                BusFault_Handler
                0x0800034c                BusFault_Handler_C
                0x08000380                UsageFault_Handler
                0x08000394                UsageFault_Handler_C
                0x080003cc                DebugMon_Handler
 .after_vectors
                0x080003e4        0x4 ./system/src/cmsis/vectors_stm32f407xx.o
                0x080003e4                RTC_Alarm_IRQHandler
                0x080003e4                HASH_RNG_IRQHandler
                0x080003e4                EXTI2_IRQHandler
                0x080003e4                TIM8_CC_IRQHandler
                0x080003e4                TIM1_CC_IRQHandler
                0x080003e4                DMA2_Stream5_IRQHandler
                0x080003e4                DMA1_Stream5_IRQHandler
                0x080003e4                PVD_IRQHandler
                0x080003e4                SDIO_IRQHandler
                0x080003e4                TAMP_STAMP_IRQHandler
                0x080003e4                CAN2_RX1_IRQHandler
                0x080003e4                EXTI3_IRQHandler
                0x080003e4                TIM8_TRG_COM_TIM14_IRQHandler
                0x080003e4                TIM1_UP_TIM10_IRQHandler
                0x080003e4                TIM8_UP_TIM13_IRQHandler
                0x080003e4                I2C3_ER_IRQHandler
                0x080003e4                EXTI0_IRQHandler
                0x080003e4                I2C2_EV_IRQHandler
                0x080003e4                DMA1_Stream2_IRQHandler
                0x080003e4                CAN1_RX0_IRQHandler
                0x080003e4                FPU_IRQHandler
                0x080003e4                OTG_HS_WKUP_IRQHandler
                0x080003e4                CAN2_SCE_IRQHandler
                0x080003e4                DMA2_Stream2_IRQHandler
                0x080003e4                SPI1_IRQHandler
                0x080003e4                TIM6_DAC_IRQHandler
                0x080003e4                TIM1_BRK_TIM9_IRQHandler
                0x080003e4                DCMI_IRQHandler
                0x080003e4                CAN2_RX0_IRQHandler
                0x080003e4                DMA2_Stream3_IRQHandler
                0x080003e4                USART6_IRQHandler
                0x080003e4                USART3_IRQHandler
                0x080003e4                CAN1_RX1_IRQHandler
                0x080003e4                UART5_IRQHandler
                0x080003e4                DMA2_Stream0_IRQHandler
                0x080003e4                TIM4_IRQHandler
                0x080003e4                I2C1_EV_IRQHandler
                0x080003e4                DMA1_Stream6_IRQHandler
                0x080003e4                DMA1_Stream1_IRQHandler
                0x080003e4                UART4_IRQHandler
                0x080003e4                TIM3_IRQHandler
                0x080003e4                RCC_IRQHandler
                0x080003e4                TIM8_BRK_TIM12_IRQHandler
                0x080003e4                Default_Handler
                0x080003e4                EXTI15_10_IRQHandler
                0x080003e4                ADC_IRQHandler
                0x080003e4                DMA1_Stream7_IRQHandler
                0x080003e4                TIM7_IRQHandler
                0x080003e4                CAN2_TX_IRQHandler
                0x080003e4                TIM5_IRQHandler
                0x080003e4                DMA2_Stream7_IRQHandler
                0x080003e4                I2C3_EV_IRQHandler
                0x080003e4                EXTI9_5_IRQHandler
                0x080003e4                RTC_WKUP_IRQHandler
                0x080003e4                ETH_WKUP_IRQHandler
                0x080003e4                SPI2_IRQHandler
                0x080003e4                OTG_HS_EP1_IN_IRQHandler
                0x080003e4                DMA1_Stream0_IRQHandler
                0x080003e4                CAN1_TX_IRQHandler
                0x080003e4                EXTI4_IRQHandler
                0x080003e4                ETH_IRQHandler
                0x080003e4                OTG_HS_EP1_OUT_IRQHandler
                0x080003e4                WWDG_IRQHandler
                0x080003e4                TIM2_IRQHandler
                0x080003e4                OTG_FS_WKUP_IRQHandler
                0x080003e4                TIM1_TRG_COM_TIM11_IRQHandler
                0x080003e4                OTG_HS_IRQHandler
                0x080003e4                EXTI1_IRQHandler
                0x080003e4                USART2_IRQHandler
                0x080003e4                I2C2_ER_IRQHandler
                0x080003e4                DMA2_Stream1_IRQHandler
                0x080003e4                CAN1_SCE_IRQHandler
                0x080003e4                FLASH_IRQHandler
                0x080003e4                DMA2_Stream4_IRQHandler
                0x080003e4                USART1_IRQHandler
                0x080003e4                OTG_FS_IRQHandler
                0x080003e4                SPI3_IRQHandler
                0x080003e4                DMA1_Stream4_IRQHandler
                0x080003e4                I2C1_ER_IRQHandler
                0x080003e4                FMC_IRQHandler
                0x080003e4                DMA2_Stream6_IRQHandler
                0x080003e4                DMA1_Stream3_IRQHandler

.inits          0x080003e8       0x28
                0x080003e8                        __data_regions_array_start = .
                0x080003e8        0x4 LONG 0x8005900 LOADADDR (.data)
                0x080003ec        0x4 LONG 0x20000000 ADDR (.data)
                0x080003f0        0x4 LONG 0x2000007c (ADDR (.data) + SIZEOF (.data))
                0x080003f4        0x4 LONG 0x8005900 LOADADDR (.data_CCMRAM)
                0x080003f8        0x4 LONG 0x10000000 ADDR (.data_CCMRAM)
                0x080003fc        0x4 LONG 0x10000000 (ADDR (.data_CCMRAM) + SIZEOF (.data_CCMRAM))
                0x08000400                        __data_regions_array_end = .
                0x08000400                        __bss_regions_array_start = .
                0x08000400        0x4 LONG 0x2000007c ADDR (.bss)
                0x08000404        0x4 LONG 0x2001317c (ADDR (.bss) + SIZEOF (.bss))
                0x08000408        0x4 LONG 0x10000000 ADDR (.bss_CCMRAM)
                0x0800040c        0x4 LONG 0x10000000 (ADDR (.bss_CCMRAM) + SIZEOF (.bss_CCMRAM))
                0x08000410                        __bss_regions_array_end = .
 *(.init)
 *(.fini)
                0x08000410                        . = ALIGN (0x4)
                0x08000410                        PROVIDE (__preinit_array_start = .)
 *(.preinit_array_sysinit .preinit_array_sysinit.*)
 *(.preinit_array_platform .preinit_array_platform.*)
 *(.preinit_array .preinit_array.*)
                0x08000410                        PROVIDE (__preinit_array_end = .)
                0x08000410                        . = ALIGN (0x4)
                0x08000410                        PROVIDE (__init_array_start = .)
 *(SORT_BY_NAME(.init_array.*))
 *(.init_array)
                0x08000410                        PROVIDE (__init_array_end = .)
                0x08000410                        . = ALIGN (0x4)
                0x08000410                        PROVIDE (__fini_array_start = .)
 *(SORT_BY_NAME(.fini_array.*))
 *(.fini_array)
                0x08000410                        PROVIDE (__fini_array_end = .)

.flashtext
 *(.flashtext .flashtext.*)

.text           0x08000410     0x54e8
 *(.text .text.*)
 .text.HAL_InitTick
                0x08000410       0x4c ./system/src/stm32f4-hal/stm32f4xx_hal.o
                0x08000410                HAL_InitTick
 .text.HAL_Init
                0x0800045c       0x34 ./system/src/stm32f4-hal/stm32f4xx_hal.o
                0x0800045c                HAL_Init
 .text.HAL_GetTick
                0x08000490        0xc ./system/src/stm32f4-hal/stm32f4xx_hal.o
                0x08000490                HAL_GetTick
 .text.__NVIC_SetPriority
                0x0800049c       0x28 ./system/src/stm32f4-hal/stm32f4xx_hal_cortex.o
 .text.NVIC_EncodePriority
                0x080004c4       0x3e ./system/src/stm32f4-hal/stm32f4xx_hal_cortex.o
 *fill*         0x08000502        0x2 
 .text.HAL_NVIC_SetPriorityGrouping
                0x08000504       0x3c ./system/src/stm32f4-hal/stm32f4xx_hal_cortex.o
                0x08000504                HAL_NVIC_SetPriorityGrouping
 .text.HAL_NVIC_SetPriority
                0x08000540       0x48 ./system/src/stm32f4-hal/stm32f4xx_hal_cortex.o
                0x08000540                HAL_NVIC_SetPriority
 .text.HAL_SYSTICK_Config
                0x08000588       0x28 ./system/src/stm32f4-hal/stm32f4xx_hal_cortex.o
                0x08000588                HAL_SYSTICK_Config
 .text.HAL_SYSTICK_CLKSourceConfig
                0x080005b0       0x34 ./system/src/stm32f4-hal/stm32f4xx_hal_cortex.o
                0x080005b0                HAL_SYSTICK_CLKSourceConfig
 .text.HAL_RCC_OscConfig
                0x080005e4      0x4f0 ./system/src/stm32f4-hal/stm32f4xx_hal_rcc.o
                0x080005e4                HAL_RCC_OscConfig
 .text.HAL_RCC_GetSysClockFreq
                0x08000ad4       0xdc ./system/src/stm32f4-hal/stm32f4xx_hal_rcc.o
                0x08000ad4                HAL_RCC_GetSysClockFreq
 .text.HAL_RCC_ClockConfig
                0x08000bb0      0x224 ./system/src/stm32f4-hal/stm32f4xx_hal_rcc.o
                0x08000bb0                HAL_RCC_ClockConfig
 .text.HAL_RCC_GetHCLKFreq
                0x08000dd4        0xc ./system/src/stm32f4-hal/stm32f4xx_hal_rcc.o
                0x08000dd4                HAL_RCC_GetHCLKFreq
 .text.__assert_func
                0x08000de0       0x34 ./system/src/newlib/assert.o
                0x08000de0                __assert_func
 .text.abort    0x08000e14       0x14 ./system/src/newlib/exit.o
                0x08000e14                abort
 .text._sbrk    0x08000e28       0x44 ./system/src/newlib/sbrk.o
                0x08000e28                _sbrk
 .text.get_errno
                0x08000e6c       0x12 ./system/src/newlib/syscalls.o
 .text.error    0x08000e7e       0x14 ./system/src/newlib/syscalls.o
 .text.checkerror
                0x08000e92       0x10 ./system/src/newlib/syscalls.o
 *fill*         0x08000ea2        0x2 
 .text.findslot
                0x08000ea4       0x3c ./system/src/newlib/syscalls.o
 .text._exit    0x08000ee0       0x20 ./system/src/newlib/syscalls.o
                0x08000ee0                _exit
 .text.initialise_monitor_handles
                0x08000f00       0xa8 ./system/src/newlib/syscalls.o
                0x08000f00                initialise_monitor_handles
 .text.__initialize_args
                0x08000fa8       0xc0 ./system/src/newlib/syscalls.o
                0x08000fa8                __initialize_args
 .text._swiread
                0x08001068       0x20 ./system/src/newlib/syscalls.o
                0x08001068                _swiread
 .text._read    0x08001088       0x36 ./system/src/newlib/syscalls.o
                0x08001088                _read
 .text._swilseek
                0x080010be       0x96 ./system/src/newlib/syscalls.o
                0x080010be                _swilseek
 .text._lseek   0x08001154        0x8 ./system/src/newlib/syscalls.o
                0x08001154                _lseek
 .text._swiwrite
                0x0800115c       0x20 ./system/src/newlib/syscalls.o
                0x0800115c                _swiwrite
 .text._write   0x0800117c       0x46 ./system/src/newlib/syscalls.o
                0x0800117c                _write
 .text._swiclose
                0x080011c2       0x1c ./system/src/newlib/syscalls.o
                0x080011c2                _swiclose
 *fill*         0x080011de        0x2 
 .text._close   0x080011e0       0x48 ./system/src/newlib/syscalls.o
                0x080011e0                _close
 .text._swistat
                0x08001228       0x44 ./system/src/newlib/syscalls.o
                0x08001228                _swistat
 .text._fstat   0x0800126c       0x1a ./system/src/newlib/syscalls.o
                0x0800126c                _fstat
 .text._gettimeofday
                0x08001286       0x28 ./system/src/newlib/syscalls.o
                0x08001286                _gettimeofday
 .text._isatty  0x080012ae       0x36 ./system/src/newlib/syscalls.o
                0x080012ae                _isatty
 .text._trace_write_semihosting_debug
                0x080012e4       0x62 ./system/src/diag/trace-impl.o
 .text.trace_write
                0x08001346        0x8 ./system/src/diag/trace-impl.o
                0x08001346                trace_write
 *fill*         0x0800134e        0x2 
 .text.trace_printf
                0x08001350       0x34 ./system/src/diag/trace.o
                0x08001350                trace_printf
 .text.trace_puts
                0x08001384       0x20 ./system/src/diag/trace.o
                0x08001384                trace_puts
 .text.__NVIC_SystemReset
                0x080013a4       0x24 ./system/src/cortexm/exception-handlers.o
 .text.dumpExceptionStack
                0x080013c8       0xf4 ./system/src/cortexm/exception-handlers.o
                0x080013c8                dumpExceptionStack
 .text.isSemihosting
                0x080014bc       0xe0 ./system/src/cortexm/exception-handlers.o
                0x080014bc                isSemihosting
 .text.__initialize_hardware_early
                0x0800159c       0x18 ./system/src/cortexm/initialize-hardware.o
                0x0800159c                __initialize_hardware_early
 .text.SystemInit
                0x080015b4       0x10 ./system/src/cmsis/system_stm32f4xx.o
                0x080015b4                SystemInit
 .text.SystemCoreClockUpdate
                0x080015c4       0xa0 ./system/src/cmsis/system_stm32f4xx.o
                0x080015c4                SystemCoreClockUpdate
 .text.SystemClock_Config
                0x08001664       0xa0 ./src/initialize-hardware.o
                0x08001664                SystemClock_Config
 .text.__initialize_hardware
                0x08001704       0x10 ./src/initialize-hardware.o
                0x08001704                __initialize_hardware
 .text.assert_failed
                0x08001714       0x14 ./src/initialize-hardware.o
                0x08001714                assert_failed
 .text.vReceiverTimerCallback
                0x08001728       0x18 ./src/main.o
                0x08001728                vReceiverTimerCallback
 .text.vSenderTimerCallback
                0x08001740       0x1c ./src/main.o
                0x08001740                vSenderTimerCallback
 .text.getRandomTime
                0x0800175c       0x24 ./src/main.o
                0x0800175c                getRandomTime
 .text.vSenderTask1
                0x08001780       0xc4 ./src/main.o
                0x08001780                vSenderTask1
 .text.vSenderTask2
                0x08001844       0xc4 ./src/main.o
                0x08001844                vSenderTask2
 .text.vSenderTask3
                0x08001908       0xc4 ./src/main.o
                0x08001908                vSenderTask3
 .text.vResetSystem
                0x080019cc      0x1e4 ./src/main.o
                0x080019cc                vResetSystem
 .text.vReceiverTask
                0x08001bb0       0x58 ./src/main.o
                0x08001bb0                vReceiverTask
 .text.intialvResetSystem
                0x08001c08       0xa4 ./src/main.o
                0x08001c08                intialvResetSystem
 .text.main     0x08001cac      0x1c0 ./src/main.o
                0x08001cac                main
 .text.vApplicationMallocFailedHook
                0x08001e6c        0x2 ./src/main.o
                0x08001e6c                vApplicationMallocFailedHook
 .text.vApplicationStackOverflowHook
                0x08001e6e        0x2 ./src/main.o
                0x08001e6e                vApplicationStackOverflowHook
 .text.vApplicationIdleHook
                0x08001e70       0x12 ./src/main.o
                0x08001e70                vApplicationIdleHook
 .text.vApplicationTickHook
                0x08001e82        0x2 ./src/main.o
                0x08001e82                vApplicationTickHook
 .text.HAL_MspInit
                0x08001e84        0x2 ./src/stm32f4xx_hal_msp.o
                0x08001e84                HAL_MspInit
 *fill*         0x08001e86        0x2 
 .text.prvHeapInit
                0x08001e88       0x64 ./FreeRTOS Source/portable/MemMang/heap_4.o
 .text.prvInsertBlockIntoFreeList
                0x08001eec       0x64 ./FreeRTOS Source/portable/MemMang/heap_4.o
 .text.pvPortMalloc
                0x08001f50      0x10c ./FreeRTOS Source/portable/MemMang/heap_4.o
                0x08001f50                pvPortMalloc
 .text.vPortFree
                0x0800205c       0x70 ./FreeRTOS Source/portable/MemMang/heap_4.o
                0x0800205c                vPortFree
 .text.xPortGetFreeHeapSize
                0x080020cc        0xc ./FreeRTOS Source/portable/MemMang/heap_4.o
                0x080020cc                xPortGetFreeHeapSize
 .text.prvTaskExitError
                0x080020d8       0x34 ./FreeRTOS Source/portable/GCC/ARM_CM4F/port.o
 .text.prvPortStartFirstTask
                0x0800210c       0x20 ./FreeRTOS Source/portable/GCC/ARM_CM4F/port.o
 .text.pxPortInitialiseStack
                0x0800212c       0x2c ./FreeRTOS Source/portable/GCC/ARM_CM4F/port.o
                0x0800212c                pxPortInitialiseStack
 *fill*         0x08002158        0x8 
 .text.SVC_Handler
                0x08002160       0x24 ./FreeRTOS Source/portable/GCC/ARM_CM4F/port.o
                0x08002160                SVC_Handler
 .text.vPortEnterCritical
                0x08002184       0x44 ./FreeRTOS Source/portable/GCC/ARM_CM4F/port.o
                0x08002184                vPortEnterCritical
 .text.vPortExitCritical
                0x080021c8       0x2c ./FreeRTOS Source/portable/GCC/ARM_CM4F/port.o
                0x080021c8                vPortExitCritical
 *fill*         0x080021f4        0xc 
 .text.PendSV_Handler
                0x08002200       0x64 ./FreeRTOS Source/portable/GCC/ARM_CM4F/port.o
                0x08002200                PendSV_Handler
 .text.SysTick_Handler
                0x08002264       0x2c ./FreeRTOS Source/portable/GCC/ARM_CM4F/port.o
                0x08002264                SysTick_Handler
 .text.vPortSetupTimerInterrupt
                0x08002290       0x24 ./FreeRTOS Source/portable/GCC/ARM_CM4F/port.o
                0x08002290                vPortSetupTimerInterrupt
 .text.xPortStartScheduler
                0x080022b4       0xf4 ./FreeRTOS Source/portable/GCC/ARM_CM4F/port.o
                0x080022b4                xPortStartScheduler
 .text.vPortValidateInterruptPriority
                0x080023a8       0x5c ./FreeRTOS Source/portable/GCC/ARM_CM4F/port.o
                0x080023a8                vPortValidateInterruptPriority
 .text.vListInitialise
                0x08002404       0x16 ./FreeRTOS Source/list.o
                0x08002404                vListInitialise
 .text.vListInitialiseItem
                0x0800241a        0x6 ./FreeRTOS Source/list.o
                0x0800241a                vListInitialiseItem
 .text.vListInsertEnd
                0x08002420       0x16 ./FreeRTOS Source/list.o
                0x08002420                vListInsertEnd
 .text.vListInsert
                0x08002436       0x32 ./FreeRTOS Source/list.o
                0x08002436                vListInsert
 .text.uxListRemove
                0x08002468       0x24 ./FreeRTOS Source/list.o
                0x08002468                uxListRemove
 .text.prvIsQueueFull
                0x0800248c       0x1e ./FreeRTOS Source/queue.o
 .text.prvIsQueueEmpty
                0x080024aa       0x1a ./FreeRTOS Source/queue.o
 .text.prvCopyDataToQueue
                0x080024c4       0x76 ./FreeRTOS Source/queue.o
 .text.prvCopyDataFromQueue
                0x0800253a       0x24 ./FreeRTOS Source/queue.o
 .text.prvUnlockQueue
                0x0800255e       0x6e ./FreeRTOS Source/queue.o
 .text.xQueueGenericReset
                0x080025cc       0x84 ./FreeRTOS Source/queue.o
                0x080025cc                xQueueGenericReset
 .text.prvInitialiseNewQueue
                0x08002650       0x22 ./FreeRTOS Source/queue.o
 .text.xQueueGenericCreate
                0x08002672       0x48 ./FreeRTOS Source/queue.o
                0x08002672                xQueueGenericCreate
 .text.xQueueGenericSend
                0x080026ba      0x188 ./FreeRTOS Source/queue.o
                0x080026ba                xQueueGenericSend
 .text.xQueueGenericSendFromISR
                0x08002842       0xcc ./FreeRTOS Source/queue.o
                0x08002842                xQueueGenericSendFromISR
 .text.xQueueGenericReceive
                0x0800290e      0x1ba ./FreeRTOS Source/queue.o
                0x0800290e                xQueueGenericReceive
 .text.vQueueAddToRegistry
                0x08002ac8       0x28 ./FreeRTOS Source/queue.o
                0x08002ac8                vQueueAddToRegistry
 .text.vQueueWaitForMessageRestricted
                0x08002af0       0x52 ./FreeRTOS Source/queue.o
                0x08002af0                vQueueWaitForMessageRestricted
 *fill*         0x08002b42        0x2 
 .text.prvResetNextTaskUnblockTime
                0x08002b44       0x2c ./FreeRTOS Source/tasks.o
 .text.prvDeleteTCB
                0x08002b70       0x12 ./FreeRTOS Source/tasks.o
 .text.prvInitialiseNewTask
                0x08002b82       0x98 ./FreeRTOS Source/tasks.o
 *fill*         0x08002c1a        0x2 
 .text.prvInitialiseTaskLists
                0x08002c1c       0x68 ./FreeRTOS Source/tasks.o
 .text.prvAddNewTaskToReadyList
                0x08002c84       0xac ./FreeRTOS Source/tasks.o
 .text.prvAddCurrentTaskToDelayedList
                0x08002d30       0x98 ./FreeRTOS Source/tasks.o
 .text.xTaskCreate
                0x08002dc8       0x60 ./FreeRTOS Source/tasks.o
                0x08002dc8                xTaskCreate
 .text.vTaskStartScheduler
                0x08002e28       0x84 ./FreeRTOS Source/tasks.o
                0x08002e28                vTaskStartScheduler
 .text.vTaskSuspendAll
                0x08002eac       0x10 ./FreeRTOS Source/tasks.o
                0x08002eac                vTaskSuspendAll
 .text.xTaskGetTickCount
                0x08002ebc        0xc ./FreeRTOS Source/tasks.o
                0x08002ebc                xTaskGetTickCount
 .text.xTaskIncrementTick
                0x08002ec8      0x128 ./FreeRTOS Source/tasks.o
                0x08002ec8                xTaskIncrementTick
 .text.xTaskResumeAll
                0x08002ff0       0xf8 ./FreeRTOS Source/tasks.o
                0x08002ff0                xTaskResumeAll
 .text.vTaskDelay
                0x080030e8       0x4c ./FreeRTOS Source/tasks.o
                0x080030e8                vTaskDelay
 .text.prvCheckTasksWaitingTermination
                0x08003134       0x5c ./FreeRTOS Source/tasks.o
 .text.prvIdleTask
                0x08003190       0x30 ./FreeRTOS Source/tasks.o
 .text.vTaskSwitchContext
                0x080031c0       0xcc ./FreeRTOS Source/tasks.o
                0x080031c0                vTaskSwitchContext
 .text.vTaskPlaceOnEventList
                0x0800328c       0x30 ./FreeRTOS Source/tasks.o
                0x0800328c                vTaskPlaceOnEventList
 .text.vTaskPlaceOnEventListRestricted
                0x080032bc       0x38 ./FreeRTOS Source/tasks.o
                0x080032bc                vTaskPlaceOnEventListRestricted
 .text.xTaskRemoveFromEventList
                0x080032f4       0x8c ./FreeRTOS Source/tasks.o
                0x080032f4                xTaskRemoveFromEventList
 .text.vTaskSetTimeOutState
                0x08003380       0x2c ./FreeRTOS Source/tasks.o
                0x08003380                vTaskSetTimeOutState
 .text.xTaskCheckForTimeOut
                0x080033ac       0x80 ./FreeRTOS Source/tasks.o
                0x080033ac                xTaskCheckForTimeOut
 .text.vTaskMissedYield
                0x0800342c        0xc ./FreeRTOS Source/tasks.o
                0x0800342c                vTaskMissedYield
 .text.xTaskGetSchedulerState
                0x08003438       0x20 ./FreeRTOS Source/tasks.o
                0x08003438                xTaskGetSchedulerState
 .text.vTaskPriorityInherit
                0x08003458       0xa0 ./FreeRTOS Source/tasks.o
                0x08003458                vTaskPriorityInherit
 .text.xTaskPriorityDisinherit
                0x080034f8       0xb0 ./FreeRTOS Source/tasks.o
                0x080034f8                xTaskPriorityDisinherit
 .text.pvTaskIncrementMutexHeldCount
                0x080035a8       0x1c ./FreeRTOS Source/tasks.o
                0x080035a8                pvTaskIncrementMutexHeldCount
 .text.prvGetNextExpireTime
                0x080035c4       0x20 ./FreeRTOS Source/timers.o
 .text.prvInsertTimerInActiveList
                0x080035e4       0x48 ./FreeRTOS Source/timers.o
 .text.prvCheckForValidListAndQueue
                0x0800362c       0x5c ./FreeRTOS Source/timers.o
 .text.prvInitialiseNewTimer
                0x08003688       0x40 ./FreeRTOS Source/timers.o
 .text.xTimerCreateTimerTask
                0x080036c8       0x50 ./FreeRTOS Source/timers.o
                0x080036c8                xTimerCreateTimerTask
 .text.xTimerCreate
                0x08003718       0x32 ./FreeRTOS Source/timers.o
                0x08003718                xTimerCreate
 *fill*         0x0800374a        0x2 
 .text.xTimerGenericCommand
                0x0800374c       0x6c ./FreeRTOS Source/timers.o
                0x0800374c                xTimerGenericCommand
 .text.prvSwitchTimerLists
                0x080037b8       0x78 ./FreeRTOS Source/timers.o
 .text.prvSampleTimeNow
                0x08003830       0x2c ./FreeRTOS Source/timers.o
 .text.prvProcessExpiredTimer
                0x0800385c       0x60 ./FreeRTOS Source/timers.o
 .text.prvProcessTimerOrBlockTask
                0x080038bc       0x70 ./FreeRTOS Source/timers.o
 .text.prvProcessReceivedCommands
                0x0800392c       0xe0 ./FreeRTOS Source/timers.o
 .text.prvTimerTask
                0x08003a0c       0x16 ./FreeRTOS Source/timers.o
 .text.pvTimerGetTimerID
                0x08003a22       0x26 ./FreeRTOS Source/timers.o
                0x08003a22                pvTimerGetTimerID
 .text          0x08003a48       0x30 C:/Users/HP/AppData/Roaming/xPacks/@xpack-dev-tools/arm-none-eabi-gcc/13.2.1-1.1.1/.content/bin/../lib/gcc/arm-none-eabi/13.2.1/thumb/v7e-m+fp/softfp\libgcc.a(_aeabi_uldivmod.o)
                0x08003a48                __aeabi_uldivmod
 .text.__udivmoddi4
                0x08003a78      0x2bc C:/Users/HP/AppData/Roaming/xPacks/@xpack-dev-tools/arm-none-eabi-gcc/13.2.1-1.1.1/.content/bin/../lib/gcc/arm-none-eabi/13.2.1/thumb/v7e-m+fp/softfp\libgcc.a(_udivmoddi4.o)
                0x08003a78                __udivmoddi4
 .text          0x08003d34        0x4 C:/Users/HP/AppData/Roaming/xPacks/@xpack-dev-tools/arm-none-eabi-gcc/13.2.1-1.1.1/.content/bin/../lib/gcc/arm-none-eabi/13.2.1/thumb/v7e-m+fp/softfp\libgcc.a(_dvmd_tls.o)
                0x08003d34                __aeabi_idiv0
                0x08003d34                __aeabi_ldiv0
 .text.srand    0x08003d38       0x5c C:/Users/HP/AppData/Roaming/xPacks/@xpack-dev-tools/arm-none-eabi-gcc/13.2.1-1.1.1/.content/bin/../lib/gcc/arm-none-eabi/13.2.1/../../../../arm-none-eabi/lib/thumb/v7e-m+fp/softfp\libg_nano.a(libc_a-rand.o)
                0x08003d38                srand
 .text.rand     0x08003d94       0x7c C:/Users/HP/AppData/Roaming/xPacks/@xpack-dev-tools/arm-none-eabi-gcc/13.2.1-1.1.1/.content/bin/../lib/gcc/arm-none-eabi/13.2.1/../../../../arm-none-eabi/lib/thumb/v7e-m+fp/softfp\libg_nano.a(libc_a-rand.o)
                0x08003d94                rand
 .text.std      0x08003e10       0x6c C:/Users/HP/AppData/Roaming/xPacks/@xpack-dev-tools/arm-none-eabi-gcc/13.2.1-1.1.1/.content/bin/../lib/gcc/arm-none-eabi/13.2.1/../../../../arm-none-eabi/lib/thumb/v7e-m+fp/softfp\libg_nano.a(libc_a-findfp.o)
 .text.stdio_exit_handler
                0x08003e7c       0x18 C:/Users/HP/AppData/Roaming/xPacks/@xpack-dev-tools/arm-none-eabi-gcc/13.2.1-1.1.1/.content/bin/../lib/gcc/arm-none-eabi/13.2.1/../../../../arm-none-eabi/lib/thumb/v7e-m+fp/softfp\libg_nano.a(libc_a-findfp.o)
 .text.cleanup_stdio
                0x08003e94       0x40 C:/Users/HP/AppData/Roaming/xPacks/@xpack-dev-tools/arm-none-eabi-gcc/13.2.1-1.1.1/.content/bin/../lib/gcc/arm-none-eabi/13.2.1/../../../../arm-none-eabi/lib/thumb/v7e-m+fp/softfp\libg_nano.a(libc_a-findfp.o)
 .text.global_stdio_init.part.0
                0x08003ed4       0x3c C:/Users/HP/AppData/Roaming/xPacks/@xpack-dev-tools/arm-none-eabi-gcc/13.2.1-1.1.1/.content/bin/../lib/gcc/arm-none-eabi/13.2.1/../../../../arm-none-eabi/lib/thumb/v7e-m+fp/softfp\libg_nano.a(libc_a-findfp.o)
 .text.__sfp_lock_acquire
                0x08003f10        0xc C:/Users/HP/AppData/Roaming/xPacks/@xpack-dev-tools/arm-none-eabi-gcc/13.2.1-1.1.1/.content/bin/../lib/gcc/arm-none-eabi/13.2.1/../../../../arm-none-eabi/lib/thumb/v7e-m+fp/softfp\libg_nano.a(libc_a-findfp.o)
                0x08003f10                __sfp_lock_acquire
 .text.__sfp_lock_release
                0x08003f1c        0xc C:/Users/HP/AppData/Roaming/xPacks/@xpack-dev-tools/arm-none-eabi-gcc/13.2.1-1.1.1/.content/bin/../lib/gcc/arm-none-eabi/13.2.1/../../../../arm-none-eabi/lib/thumb/v7e-m+fp/softfp\libg_nano.a(libc_a-findfp.o)
                0x08003f1c                __sfp_lock_release
 .text.__sinit  0x08003f28       0x30 C:/Users/HP/AppData/Roaming/xPacks/@xpack-dev-tools/arm-none-eabi-gcc/13.2.1-1.1.1/.content/bin/../lib/gcc/arm-none-eabi/13.2.1/../../../../arm-none-eabi/lib/thumb/v7e-m+fp/softfp\libg_nano.a(libc_a-findfp.o)
                0x08003f28                __sinit
 .text._fwalk_sglue
                0x08003f58       0x3c C:/Users/HP/AppData/Roaming/xPacks/@xpack-dev-tools/arm-none-eabi-gcc/13.2.1-1.1.1/.content/bin/../lib/gcc/arm-none-eabi/13.2.1/../../../../arm-none-eabi/lib/thumb/v7e-m+fp/softfp\libg_nano.a(libc_a-fwalk.o)
                0x08003f58                _fwalk_sglue
 .text.printf   0x08003f94       0x24 C:/Users/HP/AppData/Roaming/xPacks/@xpack-dev-tools/arm-none-eabi-gcc/13.2.1-1.1.1/.content/bin/../lib/gcc/arm-none-eabi/13.2.1/../../../../arm-none-eabi/lib/thumb/v7e-m+fp/softfp\libg_nano.a(libc_a-printf.o)
                0x08003f94                iprintf
                0x08003f94                printf
 .text.putchar  0x08003fb8       0x10 C:/Users/HP/AppData/Roaming/xPacks/@xpack-dev-tools/arm-none-eabi-gcc/13.2.1-1.1.1/.content/bin/../lib/gcc/arm-none-eabi/13.2.1/../../../../arm-none-eabi/lib/thumb/v7e-m+fp/softfp\libg_nano.a(libc_a-putchar.o)
                0x08003fb8                putchar
 .text._puts_r  0x08003fc8       0xaa C:/Users/HP/AppData/Roaming/xPacks/@xpack-dev-tools/arm-none-eabi-gcc/13.2.1-1.1.1/.content/bin/../lib/gcc/arm-none-eabi/13.2.1/../../../../arm-none-eabi/lib/thumb/v7e-m+fp/softfp\libg_nano.a(libc_a-puts.o)
                0x08003fc8                _puts_r
 *fill*         0x08004072        0x2 
 .text.puts     0x08004074       0x10 C:/Users/HP/AppData/Roaming/xPacks/@xpack-dev-tools/arm-none-eabi-gcc/13.2.1-1.1.1/.content/bin/../lib/gcc/arm-none-eabi/13.2.1/../../../../arm-none-eabi/lib/thumb/v7e-m+fp/softfp\libg_nano.a(libc_a-puts.o)
                0x08004074                puts
 .text.sprintf  0x08004084       0x40 C:/Users/HP/AppData/Roaming/xPacks/@xpack-dev-tools/arm-none-eabi-gcc/13.2.1-1.1.1/.content/bin/../lib/gcc/arm-none-eabi/13.2.1/../../../../arm-none-eabi/lib/thumb/v7e-m+fp/softfp\libg_nano.a(libc_a-sprintf.o)
                0x08004084                siprintf
                0x08004084                sprintf
 .text.__sread  0x080040c4       0x22 C:/Users/HP/AppData/Roaming/xPacks/@xpack-dev-tools/arm-none-eabi-gcc/13.2.1-1.1.1/.content/bin/../lib/gcc/arm-none-eabi/13.2.1/../../../../arm-none-eabi/lib/thumb/v7e-m+fp/softfp\libg_nano.a(libc_a-stdio.o)
                0x080040c4                __sread
 .text.__swrite
                0x080040e6       0x38 C:/Users/HP/AppData/Roaming/xPacks/@xpack-dev-tools/arm-none-eabi-gcc/13.2.1-1.1.1/.content/bin/../lib/gcc/arm-none-eabi/13.2.1/../../../../arm-none-eabi/lib/thumb/v7e-m+fp/softfp\libg_nano.a(libc_a-stdio.o)
                0x080040e6                __swrite
 .text.__sseek  0x0800411e       0x24 C:/Users/HP/AppData/Roaming/xPacks/@xpack-dev-tools/arm-none-eabi-gcc/13.2.1-1.1.1/.content/bin/../lib/gcc/arm-none-eabi/13.2.1/../../../../arm-none-eabi/lib/thumb/v7e-m+fp/softfp\libg_nano.a(libc_a-stdio.o)
                0x0800411e                __sseek
 .text.__sclose
                0x08004142        0x8 C:/Users/HP/AppData/Roaming/xPacks/@xpack-dev-tools/arm-none-eabi-gcc/13.2.1-1.1.1/.content/bin/../lib/gcc/arm-none-eabi/13.2.1/../../../../arm-none-eabi/lib/thumb/v7e-m+fp/softfp\libg_nano.a(libc_a-stdio.o)
                0x08004142                __sclose
 .text._vsnprintf_r
                0x0800414a       0x56 C:/Users/HP/AppData/Roaming/xPacks/@xpack-dev-tools/arm-none-eabi-gcc/13.2.1-1.1.1/.content/bin/../lib/gcc/arm-none-eabi/13.2.1/../../../../arm-none-eabi/lib/thumb/v7e-m+fp/softfp\libg_nano.a(libc_a-vsnprintf.o)
                0x0800414a                _vsniprintf_r
                0x0800414a                _vsnprintf_r
 .text.vsnprintf
                0x080041a0       0x1c C:/Users/HP/AppData/Roaming/xPacks/@xpack-dev-tools/arm-none-eabi-gcc/13.2.1-1.1.1/.content/bin/../lib/gcc/arm-none-eabi/13.2.1/../../../../arm-none-eabi/lib/thumb/v7e-m+fp/softfp\libg_nano.a(libc_a-vsnprintf.o)
                0x080041a0                vsniprintf
                0x080041a0                vsnprintf
 .text.__swbuf_r
                0x080041bc       0x7c C:/Users/HP/AppData/Roaming/xPacks/@xpack-dev-tools/arm-none-eabi-gcc/13.2.1-1.1.1/.content/bin/../lib/gcc/arm-none-eabi/13.2.1/../../../../arm-none-eabi/lib/thumb/v7e-m+fp/softfp\libg_nano.a(libc_a-wbuf.o)
                0x080041bc                __swbuf_r
 .text.__swsetup_r
                0x08004238       0xac C:/Users/HP/AppData/Roaming/xPacks/@xpack-dev-tools/arm-none-eabi-gcc/13.2.1-1.1.1/.content/bin/../lib/gcc/arm-none-eabi/13.2.1/../../../../arm-none-eabi/lib/thumb/v7e-m+fp/softfp\libg_nano.a(libc_a-wsetup.o)
                0x08004238                __swsetup_r
 .text.memset   0x080042e4       0x10 C:/Users/HP/AppData/Roaming/xPacks/@xpack-dev-tools/arm-none-eabi-gcc/13.2.1-1.1.1/.content/bin/../lib/gcc/arm-none-eabi/13.2.1/../../../../arm-none-eabi/lib/thumb/v7e-m+fp/softfp\libg_nano.a(libc_a-memset.o)
                0x080042e4                memset
 .text.time     0x080042f4       0x38 C:/Users/HP/AppData/Roaming/xPacks/@xpack-dev-tools/arm-none-eabi-gcc/13.2.1-1.1.1/.content/bin/../lib/gcc/arm-none-eabi/13.2.1/../../../../arm-none-eabi/lib/thumb/v7e-m+fp/softfp\libg_nano.a(libc_a-time.o)
                0x080042f4                time
 .text._close_r
                0x0800432c       0x20 C:/Users/HP/AppData/Roaming/xPacks/@xpack-dev-tools/arm-none-eabi-gcc/13.2.1-1.1.1/.content/bin/../lib/gcc/arm-none-eabi/13.2.1/../../../../arm-none-eabi/lib/thumb/v7e-m+fp/softfp\libg_nano.a(libc_a-closer.o)
                0x0800432c                _close_r
 .text._gettimeofday_r
                0x0800434c       0x24 C:/Users/HP/AppData/Roaming/xPacks/@xpack-dev-tools/arm-none-eabi-gcc/13.2.1-1.1.1/.content/bin/../lib/gcc/arm-none-eabi/13.2.1/../../../../arm-none-eabi/lib/thumb/v7e-m+fp/softfp\libg_nano.a(libc_a-gettimeofdayr.o)
                0x0800434c                _gettimeofday_r
 .text._lseek_r
                0x08004370       0x24 C:/Users/HP/AppData/Roaming/xPacks/@xpack-dev-tools/arm-none-eabi-gcc/13.2.1-1.1.1/.content/bin/../lib/gcc/arm-none-eabi/13.2.1/../../../../arm-none-eabi/lib/thumb/v7e-m+fp/softfp\libg_nano.a(libc_a-lseekr.o)
                0x08004370                _lseek_r
 .text._read_r  0x08004394       0x24 C:/Users/HP/AppData/Roaming/xPacks/@xpack-dev-tools/arm-none-eabi-gcc/13.2.1-1.1.1/.content/bin/../lib/gcc/arm-none-eabi/13.2.1/../../../../arm-none-eabi/lib/thumb/v7e-m+fp/softfp\libg_nano.a(libc_a-readr.o)
                0x08004394                _read_r
 .text._write_r
                0x080043b8       0x24 C:/Users/HP/AppData/Roaming/xPacks/@xpack-dev-tools/arm-none-eabi-gcc/13.2.1-1.1.1/.content/bin/../lib/gcc/arm-none-eabi/13.2.1/../../../../arm-none-eabi/lib/thumb/v7e-m+fp/softfp\libg_nano.a(libc_a-writer.o)
                0x080043b8                _write_r
 .text.__errno  0x080043dc        0xc C:/Users/HP/AppData/Roaming/xPacks/@xpack-dev-tools/arm-none-eabi-gcc/13.2.1-1.1.1/.content/bin/../lib/gcc/arm-none-eabi/13.2.1/../../../../arm-none-eabi/lib/thumb/v7e-m+fp/softfp\libg_nano.a(libc_a-errno.o)
                0x080043dc                __errno
 .text.__retarget_lock_init_recursive
                0x080043e8        0x2 C:/Users/HP/AppData/Roaming/xPacks/@xpack-dev-tools/arm-none-eabi-gcc/13.2.1-1.1.1/.content/bin/../lib/gcc/arm-none-eabi/13.2.1/../../../../arm-none-eabi/lib/thumb/v7e-m+fp/softfp\libg_nano.a(libc_a-lock.o)
                0x080043e8                __retarget_lock_init_recursive
 .text.__retarget_lock_acquire_recursive
                0x080043ea        0x2 C:/Users/HP/AppData/Roaming/xPacks/@xpack-dev-tools/arm-none-eabi-gcc/13.2.1-1.1.1/.content/bin/../lib/gcc/arm-none-eabi/13.2.1/../../../../arm-none-eabi/lib/thumb/v7e-m+fp/softfp\libg_nano.a(libc_a-lock.o)
                0x080043ea                __retarget_lock_acquire_recursive
 .text.__retarget_lock_release_recursive
                0x080043ec        0x2 C:/Users/HP/AppData/Roaming/xPacks/@xpack-dev-tools/arm-none-eabi-gcc/13.2.1-1.1.1/.content/bin/../lib/gcc/arm-none-eabi/13.2.1/../../../../arm-none-eabi/lib/thumb/v7e-m+fp/softfp\libg_nano.a(libc_a-lock.o)
                0x080043ec                __retarget_lock_release_recursive
 .text          0x080043ee       0x14 C:/Users/HP/AppData/Roaming/xPacks/@xpack-dev-tools/arm-none-eabi-gcc/13.2.1-1.1.1/.content/bin/../lib/gcc/arm-none-eabi/13.2.1/../../../../arm-none-eabi/lib/thumb/v7e-m+fp/softfp\libg_nano.a(libc_a-strcmp.o)
                0x080043ee                strcmp
 .text.memcpy   0x08004402       0x1c C:/Users/HP/AppData/Roaming/xPacks/@xpack-dev-tools/arm-none-eabi-gcc/13.2.1-1.1.1/.content/bin/../lib/gcc/arm-none-eabi/13.2.1/../../../../arm-none-eabi/lib/thumb/v7e-m+fp/softfp\libg_nano.a(libc_a-memcpy-stub.o)
                0x08004402                memcpy
 .text          0x0800441e       0x10 C:/Users/HP/AppData/Roaming/xPacks/@xpack-dev-tools/arm-none-eabi-gcc/13.2.1-1.1.1/.content/bin/../lib/gcc/arm-none-eabi/13.2.1/../../../../arm-none-eabi/lib/thumb/v7e-m+fp/softfp\libg_nano.a(libc_a-strlen.o)
                0x0800441e                strlen
 *fill*         0x0800442e        0x2 
 .text._free_r  0x08004430       0x94 C:/Users/HP/AppData/Roaming/xPacks/@xpack-dev-tools/arm-none-eabi-gcc/13.2.1-1.1.1/.content/bin/../lib/gcc/arm-none-eabi/13.2.1/../../../../arm-none-eabi/lib/thumb/v7e-m+fp/softfp\libg_nano.a(libc_a-freer.o)
                0x08004430                _free_r
 .text.malloc   0x080044c4       0x10 C:/Users/HP/AppData/Roaming/xPacks/@xpack-dev-tools/arm-none-eabi-gcc/13.2.1-1.1.1/.content/bin/../lib/gcc/arm-none-eabi/13.2.1/../../../../arm-none-eabi/lib/thumb/v7e-m+fp/softfp\libg_nano.a(libc_a-malloc.o)
                0x080044c4                malloc
 .text.sbrk_aligned
                0x080044d4       0x44 C:/Users/HP/AppData/Roaming/xPacks/@xpack-dev-tools/arm-none-eabi-gcc/13.2.1-1.1.1/.content/bin/../lib/gcc/arm-none-eabi/13.2.1/../../../../arm-none-eabi/lib/thumb/v7e-m+fp/softfp\libg_nano.a(libc_a-mallocr.o)
 .text._malloc_r
                0x08004518      0x100 C:/Users/HP/AppData/Roaming/xPacks/@xpack-dev-tools/arm-none-eabi-gcc/13.2.1-1.1.1/.content/bin/../lib/gcc/arm-none-eabi/13.2.1/../../../../arm-none-eabi/lib/thumb/v7e-m+fp/softfp\libg_nano.a(libc_a-mallocr.o)
                0x08004518                _malloc_r
 .text.__malloc_lock
                0x08004618        0xc C:/Users/HP/AppData/Roaming/xPacks/@xpack-dev-tools/arm-none-eabi-gcc/13.2.1-1.1.1/.content/bin/../lib/gcc/arm-none-eabi/13.2.1/../../../../arm-none-eabi/lib/thumb/v7e-m+fp/softfp\libg_nano.a(libc_a-mlock.o)
                0x08004618                __malloc_lock
 .text.__malloc_unlock
                0x08004624        0xc C:/Users/HP/AppData/Roaming/xPacks/@xpack-dev-tools/arm-none-eabi-gcc/13.2.1-1.1.1/.content/bin/../lib/gcc/arm-none-eabi/13.2.1/../../../../arm-none-eabi/lib/thumb/v7e-m+fp/softfp\libg_nano.a(libc_a-mlock.o)
                0x08004624                __malloc_unlock
 .text.__ssputs_r
                0x08004630       0xb6 C:/Users/HP/AppData/Roaming/xPacks/@xpack-dev-tools/arm-none-eabi-gcc/13.2.1-1.1.1/.content/bin/../lib/gcc/arm-none-eabi/13.2.1/../../../../arm-none-eabi/lib/thumb/v7e-m+fp/softfp\libg_nano.a(libc_a-nano-svfprintf.o)
                0x08004630                __ssputs_r
 *fill*         0x080046e6        0x2 
 .text._svfprintf_r
                0x080046e8      0x1f8 C:/Users/HP/AppData/Roaming/xPacks/@xpack-dev-tools/arm-none-eabi-gcc/13.2.1-1.1.1/.content/bin/../lib/gcc/arm-none-eabi/13.2.1/../../../../arm-none-eabi/lib/thumb/v7e-m+fp/softfp\libg_nano.a(libc_a-nano-svfprintf.o)
                0x080046e8                _svfiprintf_r
                0x080046e8                _svfprintf_r
 .text.__sfputc_r
                0x080048e0       0x2e C:/Users/HP/AppData/Roaming/xPacks/@xpack-dev-tools/arm-none-eabi-gcc/13.2.1-1.1.1/.content/bin/../lib/gcc/arm-none-eabi/13.2.1/../../../../arm-none-eabi/lib/thumb/v7e-m+fp/softfp\libg_nano.a(libc_a-nano-vfprintf.o)
 .text.__sfputs_r
                0x0800490e       0x24 C:/Users/HP/AppData/Roaming/xPacks/@xpack-dev-tools/arm-none-eabi-gcc/13.2.1-1.1.1/.content/bin/../lib/gcc/arm-none-eabi/13.2.1/../../../../arm-none-eabi/lib/thumb/v7e-m+fp/softfp\libg_nano.a(libc_a-nano-vfprintf.o)
                0x0800490e                __sfputs_r
 *fill*         0x08004932        0x2 
 .text._vfprintf_r
                0x08004934      0x230 C:/Users/HP/AppData/Roaming/xPacks/@xpack-dev-tools/arm-none-eabi-gcc/13.2.1-1.1.1/.content/bin/../lib/gcc/arm-none-eabi/13.2.1/../../../../arm-none-eabi/lib/thumb/v7e-m+fp/softfp\libg_nano.a(libc_a-nano-vfprintf.o)
                0x08004934                _vfprintf_r
                0x08004934                _vfiprintf_r
 .text._printf_common
                0x08004b64       0xda C:/Users/HP/AppData/Roaming/xPacks/@xpack-dev-tools/arm-none-eabi-gcc/13.2.1-1.1.1/.content/bin/../lib/gcc/arm-none-eabi/13.2.1/../../../../arm-none-eabi/lib/thumb/v7e-m+fp/softfp\libg_nano.a(libc_a-nano-vfprintf_i.o)
                0x08004b64                _printf_common
 *fill*         0x08004c3e        0x2 
 .text._printf_i
                0x08004c40      0x23c C:/Users/HP/AppData/Roaming/xPacks/@xpack-dev-tools/arm-none-eabi-gcc/13.2.1-1.1.1/.content/bin/../lib/gcc/arm-none-eabi/13.2.1/../../../../arm-none-eabi/lib/thumb/v7e-m+fp/softfp\libg_nano.a(libc_a-nano-vfprintf_i.o)
                0x08004c40                _printf_i
 .text.__sflush_r
                0x08004e7c      0x108 C:/Users/HP/AppData/Roaming/xPacks/@xpack-dev-tools/arm-none-eabi-gcc/13.2.1-1.1.1/.content/bin/../lib/gcc/arm-none-eabi/13.2.1/../../../../arm-none-eabi/lib/thumb/v7e-m+fp/softfp\libg_nano.a(libc_a-fflush.o)
                0x08004e7c                __sflush_r
 .text._fflush_r
                0x08004f84       0x50 C:/Users/HP/AppData/Roaming/xPacks/@xpack-dev-tools/arm-none-eabi-gcc/13.2.1-1.1.1/.content/bin/../lib/gcc/arm-none-eabi/13.2.1/../../../../arm-none-eabi/lib/thumb/v7e-m+fp/softfp\libg_nano.a(libc_a-fflush.o)
                0x08004f84                _fflush_r
 .text.__swhatbuf_r
                0x08004fd4       0x4c C:/Users/HP/AppData/Roaming/xPacks/@xpack-dev-tools/arm-none-eabi-gcc/13.2.1-1.1.1/.content/bin/../lib/gcc/arm-none-eabi/13.2.1/../../../../arm-none-eabi/lib/thumb/v7e-m+fp/softfp\libg_nano.a(libc_a-makebuf.o)
                0x08004fd4                __swhatbuf_r
 .text.__smakebuf_r
                0x08005020       0x78 C:/Users/HP/AppData/Roaming/xPacks/@xpack-dev-tools/arm-none-eabi-gcc/13.2.1-1.1.1/.content/bin/../lib/gcc/arm-none-eabi/13.2.1/../../../../arm-none-eabi/lib/thumb/v7e-m+fp/softfp\libg_nano.a(libc_a-makebuf.o)
                0x08005020                __smakebuf_r
 .text._putc_r  0x08005098       0x68 C:/Users/HP/AppData/Roaming/xPacks/@xpack-dev-tools/arm-none-eabi-gcc/13.2.1-1.1.1/.content/bin/../lib/gcc/arm-none-eabi/13.2.1/../../../../arm-none-eabi/lib/thumb/v7e-m+fp/softfp\libg_nano.a(libc_a-putc.o)
                0x08005098                _putc_r
 .text.memmove  0x08005100       0x34 C:/Users/HP/AppData/Roaming/xPacks/@xpack-dev-tools/arm-none-eabi-gcc/13.2.1-1.1.1/.content/bin/../lib/gcc/arm-none-eabi/13.2.1/../../../../arm-none-eabi/lib/thumb/v7e-m+fp/softfp\libg_nano.a(libc_a-memmove.o)
                0x08005100                memmove
 .text._fstat_r
                0x08005134       0x24 C:/Users/HP/AppData/Roaming/xPacks/@xpack-dev-tools/arm-none-eabi-gcc/13.2.1-1.1.1/.content/bin/../lib/gcc/arm-none-eabi/13.2.1/../../../../arm-none-eabi/lib/thumb/v7e-m+fp/softfp\libg_nano.a(libc_a-fstatr.o)
                0x08005134                _fstat_r
 .text._isatty_r
                0x08005158       0x20 C:/Users/HP/AppData/Roaming/xPacks/@xpack-dev-tools/arm-none-eabi-gcc/13.2.1-1.1.1/.content/bin/../lib/gcc/arm-none-eabi/13.2.1/../../../../arm-none-eabi/lib/thumb/v7e-m+fp/softfp\libg_nano.a(libc_a-isattyr.o)
                0x08005158                _isatty_r
 .text._sbrk_r  0x08005178       0x20 C:/Users/HP/AppData/Roaming/xPacks/@xpack-dev-tools/arm-none-eabi-gcc/13.2.1-1.1.1/.content/bin/../lib/gcc/arm-none-eabi/13.2.1/../../../../arm-none-eabi/lib/thumb/v7e-m+fp/softfp\libg_nano.a(libc_a-sbrkr.o)
                0x08005178                _sbrk_r
 *fill*         0x08005198        0x8 
 .text          0x080051a0       0xa0 C:/Users/HP/AppData/Roaming/xPacks/@xpack-dev-tools/arm-none-eabi-gcc/13.2.1-1.1.1/.content/bin/../lib/gcc/arm-none-eabi/13.2.1/../../../../arm-none-eabi/lib/thumb/v7e-m+fp/softfp\libg_nano.a(libc_a-memchr.o)
                0x080051a0                memchr
 .text._realloc_r
                0x08005240       0x5c C:/Users/HP/AppData/Roaming/xPacks/@xpack-dev-tools/arm-none-eabi-gcc/13.2.1-1.1.1/.content/bin/../lib/gcc/arm-none-eabi/13.2.1/../../../../arm-none-eabi/lib/thumb/v7e-m+fp/softfp\libg_nano.a(libc_a-reallocr.o)
                0x08005240                _realloc_r
 .text._malloc_usable_size_r
                0x0800529c       0x10 C:/Users/HP/AppData/Roaming/xPacks/@xpack-dev-tools/arm-none-eabi-gcc/13.2.1-1.1.1/.content/bin/../lib/gcc/arm-none-eabi/13.2.1/../../../../arm-none-eabi/lib/thumb/v7e-m+fp/softfp\libg_nano.a(libc_a-msizer.o)
                0x0800529c                _malloc_usable_size_r
 *(.rodata .rodata.* .constdata .constdata.*)
 .rodata.HAL_NVIC_SetPriorityGrouping.str1.4
                0x080052ac      0x3d4 ./system/src/stm32f4-hal/stm32f4xx_hal_cortex.o
                                 0x31 (size before relaxing)
 .rodata.HAL_RCC_OscConfig.str1.4
                0x08005680       0x2e ./system/src/stm32f4-hal/stm32f4xx_hal_rcc.o
 .rodata.__assert_func.str1.4
                0x08005680       0x43 ./system/src/newlib/assert.o
 .rodata.abort.str1.4
                0x08005680       0x14 ./system/src/newlib/exit.o
 .rodata.initialise_monitor_handles.str1.4
                0x08005680        0x4 ./system/src/newlib/syscalls.o
 .rodata.trace_puts.str1.4
                0x08005680        0x2 ./system/src/diag/trace.o
 .rodata.dumpExceptionStack.str1.4
                0x08005680      0x11a ./system/src/cortexm/exception-handlers.o
 .rodata.isSemihosting.str1.4
                0x08005680        0x4 ./system/src/cortexm/exception-handlers.o
 .rodata.str1.4
                0x08005680       0x2a ./system/src/cortexm/exception-handlers.o
 .rodata.AHBPrescTable
                0x08005680       0x10 ./system/src/cmsis/system_stm32f4xx.o
                0x08005680                AHBPrescTable
 .rodata.assert_failed.str1.4
                0x08005690       0x2d ./src/initialize-hardware.o
 .rodata.vSenderTask1.str1.4
                0x08005690       0x2c ./src/main.o
 .rodata.vResetSystem.str1.4
                0x08005690       0xd6 ./src/main.o
 .rodata.vReceiverTask.str1.4
                0x08005690       0x20 ./src/main.o
 .rodata.main.str1.4
                0x08005690       0x62 ./src/main.o
 .rodata.upperBounds
                0x08005690       0x18 ./src/main.o
 .rodata.lowerBounds
                0x080056a8       0x18 ./src/main.o
 .rodata.vTaskStartScheduler.str1.4
                0x080056c0        0x5 ./FreeRTOS Source/tasks.o
 .rodata.prvCheckForValidListAndQueue.str1.4
                0x080056c0        0x5 ./FreeRTOS Source/timers.o
 .rodata.xTimerCreateTimerTask.str1.4
                0x080056c0        0x8 ./FreeRTOS Source/timers.o
 .rodata.srand.str1.1
                0x080056c0       0xbf C:/Users/HP/AppData/Roaming/xPacks/@xpack-dev-tools/arm-none-eabi-gcc/13.2.1-1.1.1/.content/bin/../lib/gcc/arm-none-eabi/13.2.1/../../../../arm-none-eabi/lib/thumb/v7e-m+fp/softfp\libg_nano.a(libc_a-rand.o)
                                 0x8c (size before relaxing)
 .rodata._ctype_
                0x0800577f      0x101 C:/Users/HP/AppData/Roaming/xPacks/@xpack-dev-tools/arm-none-eabi-gcc/13.2.1-1.1.1/.content/bin/../lib/gcc/arm-none-eabi/13.2.1/../../../../arm-none-eabi/lib/thumb/v7e-m+fp/softfp\libg_nano.a(libc_a-ctype_.o)
                0x0800577f                _ctype_
 .rodata._svfprintf_r.str1.1
                0x08005880       0x11 C:/Users/HP/AppData/Roaming/xPacks/@xpack-dev-tools/arm-none-eabi-gcc/13.2.1-1.1.1/.content/bin/../lib/gcc/arm-none-eabi/13.2.1/../../../../arm-none-eabi/lib/thumb/v7e-m+fp/softfp\libg_nano.a(libc_a-nano-svfprintf.o)
 .rodata._vfprintf_r.str1.1
                0x08005880       0x11 C:/Users/HP/AppData/Roaming/xPacks/@xpack-dev-tools/arm-none-eabi-gcc/13.2.1-1.1.1/.content/bin/../lib/gcc/arm-none-eabi/13.2.1/../../../../arm-none-eabi/lib/thumb/v7e-m+fp/softfp\libg_nano.a(libc_a-nano-vfprintf.o)
 .rodata._printf_i.str1.1
                0x08005880       0x22 C:/Users/HP/AppData/Roaming/xPacks/@xpack-dev-tools/arm-none-eabi-gcc/13.2.1-1.1.1/.content/bin/../lib/gcc/arm-none-eabi/13.2.1/../../../../arm-none-eabi/lib/thumb/v7e-m+fp/softfp\libg_nano.a(libc_a-nano-vfprintf_i.o)
 *(vtable)
 *(.eh_frame*)
 .eh_frame      0x08005880       0x28 C:/Users/HP/AppData/Roaming/xPacks/@xpack-dev-tools/arm-none-eabi-gcc/13.2.1-1.1.1/.content/bin/../lib/gcc/arm-none-eabi/13.2.1/../../../../arm-none-eabi/lib/thumb/v7e-m+fp/softfp\libg_nano.a(libc_a-strlen.o)
 .eh_frame      0x080058a8       0x50 C:/Users/HP/AppData/Roaming/xPacks/@xpack-dev-tools/arm-none-eabi-gcc/13.2.1-1.1.1/.content/bin/../lib/gcc/arm-none-eabi/13.2.1/../../../../arm-none-eabi/lib/thumb/v7e-m+fp/softfp\libg_nano.a(libc_a-memchr.o)
 *(.glue_7)
 .glue_7        0x080058f8        0x0 linker stubs
 *(.glue_7t)
 .glue_7t       0x080058f8        0x0 linker stubs

.vfp11_veneer   0x080058f8        0x0
 .vfp11_veneer  0x080058f8        0x0 linker stubs

.v4_bx          0x080058f8        0x0
 .v4_bx         0x080058f8        0x0 linker stubs

.iplt           0x080058f8        0x0
 .iplt          0x080058f8        0x0 ./system/src/stm32f4-hal/stm32f4xx_hal.o

.ARM.extab
 *(.ARM.extab* .gnu.linkonce.armextab.*)
                0x080058f8                        . = ALIGN (0x4)
                0x080058f8                        __exidx_start = .

.ARM.exidx      0x080058f8        0x8
 *(.ARM.exidx* .gnu.linkonce.armexidx.*)
 .ARM.exidx.text.__udivmoddi4
                0x080058f8        0x8 C:/Users/HP/AppData/Roaming/xPacks/@xpack-dev-tools/arm-none-eabi-gcc/13.2.1-1.1.1/.content/bin/../lib/gcc/arm-none-eabi/13.2.1/thumb/v7e-m+fp/softfp\libgcc.a(_udivmoddi4.o)
 .ARM.exidx     0x08005900        0x0 C:/Users/HP/AppData/Roaming/xPacks/@xpack-dev-tools/arm-none-eabi-gcc/13.2.1-1.1.1/.content/bin/../lib/gcc/arm-none-eabi/13.2.1/../../../../arm-none-eabi/lib/thumb/v7e-m+fp/softfp\libg_nano.a(libc_a-strcmp.o)
                                  0x8 (size before relaxing)
 .ARM.exidx     0x08005900        0x0 C:/Users/HP/AppData/Roaming/xPacks/@xpack-dev-tools/arm-none-eabi-gcc/13.2.1-1.1.1/.content/bin/../lib/gcc/arm-none-eabi/13.2.1/../../../../arm-none-eabi/lib/thumb/v7e-m+fp/softfp\libg_nano.a(libc_a-strlen.o)
                                  0x8 (size before relaxing)
 .ARM.exidx     0x08005900        0x0 C:/Users/HP/AppData/Roaming/xPacks/@xpack-dev-tools/arm-none-eabi-gcc/13.2.1-1.1.1/.content/bin/../lib/gcc/arm-none-eabi/13.2.1/../../../../arm-none-eabi/lib/thumb/v7e-m+fp/softfp\libg_nano.a(libc_a-memchr.o)
                                  0x8 (size before relaxing)
                0x08005900                        __exidx_end = .

.rel.dyn        0x08005900        0x0
 .rel.iplt      0x08005900        0x0 ./system/src/stm32f4-hal/stm32f4xx_hal.o
                0x08005900                        . = ALIGN (0x4)
                0x08005900                        _etext = .
                0x08005900                        __etext = .

.data_CCMRAM    0x10000000        0x0 load address 0x08005900
 FILL mask 0xff
 *(.data.CCMRAM .data.CCMRAM.*)
                0x10000000                        . = ALIGN (0x4)
                0x08005900                        _sidata = LOADADDR (.data)

.data           0x20000000       0x7c load address 0x08005900
 FILL mask 0xff
                0x20000000                        _sdata = .
                0x20000000                        __data_start__ = .
 *(.data_begin .data_begin.*)
 .data_begin    0x20000000        0x4 ./system/src/newlib/startup.o
 *(.data .data.*)
 .data.uwTickFreq
                0x20000004        0x1 ./system/src/stm32f4-hal/stm32f4xx_hal.o
                0x20000004                uwTickFreq
 *fill*         0x20000005        0x3 ff
 .data.uwTickPrio
                0x20000008        0x4 ./system/src/stm32f4-hal/stm32f4xx_hal.o
                0x20000008                uwTickPrio
 .data.SystemCoreClock
                0x2000000c        0x4 ./system/src/cmsis/system_stm32f4xx.o
                0x2000000c                SystemCoreClock
 .data.currentUpperBound
                0x20000010        0x4 ./src/main.o
 .data.currentLowerBound
                0x20000014        0x4 ./src/main.o
 .data.uxCriticalNesting
                0x20000018        0x4 ./FreeRTOS Source/portable/GCC/ARM_CM4F/port.o
 .data.__sglue  0x2000001c        0xc C:/Users/HP/AppData/Roaming/xPacks/@xpack-dev-tools/arm-none-eabi-gcc/13.2.1-1.1.1/.content/bin/../lib/gcc/arm-none-eabi/13.2.1/../../../../arm-none-eabi/lib/thumb/v7e-m+fp/softfp\libg_nano.a(libc_a-findfp.o)
                0x2000001c                __sglue
 .data._impure_ptr
                0x20000028        0x4 C:/Users/HP/AppData/Roaming/xPacks/@xpack-dev-tools/arm-none-eabi-gcc/13.2.1-1.1.1/.content/bin/../lib/gcc/arm-none-eabi/13.2.1/../../../../arm-none-eabi/lib/thumb/v7e-m+fp/softfp\libg_nano.a(libc_a-impure.o)
                0x20000028                _impure_ptr
 .data._impure_data
                0x2000002c       0x4c C:/Users/HP/AppData/Roaming/xPacks/@xpack-dev-tools/arm-none-eabi-gcc/13.2.1-1.1.1/.content/bin/../lib/gcc/arm-none-eabi/13.2.1/../../../../arm-none-eabi/lib/thumb/v7e-m+fp/softfp\libg_nano.a(libc_a-impure.o)
                0x2000002c                _impure_data
 *(.data_end .data_end.*)
 .data_end      0x20000078        0x4 ./system/src/newlib/startup.o
                0x2000007c                        . = ALIGN (0x4)
                0x2000007c                        _edata = .
                0x2000007c                        __data_end__ = .

.igot.plt       0x2000007c        0x0 load address 0x0800597c
 .igot.plt      0x2000007c        0x0 ./system/src/stm32f4-hal/stm32f4xx_hal.o

.bss_CCMRAM     0x10000000        0x0
 *(.bss.CCMRAM .bss.CCMRAM.*)

.bss            0x2000007c    0x13100
                0x2000007c                        __bss_start__ = .
                0x2000007c                        _sbss = .
 *(.bss_begin .bss_begin.*)
 .bss_begin     0x2000007c        0x4 ./system/src/newlib/startup.o
 *(.bss .bss.*)
 .bss.uwTick    0x20000080        0x4 ./system/src/stm32f4-hal/stm32f4xx_hal.o
                0x20000080                uwTick
 .bss.current_heap_end.0
                0x20000084        0x4 ./system/src/newlib/sbrk.o
 .bss.argv_buf.0
                0x20000088       0x28 ./system/src/newlib/syscalls.o
 .bss.args_buf.1
                0x200000b0       0x50 ./system/src/newlib/syscalls.o
 .bss.monitor_stderr
                0x20000100        0x4 ./system/src/newlib/syscalls.o
 .bss.monitor_stdout
                0x20000104        0x4 ./system/src/newlib/syscalls.o
 .bss.monitor_stdin
                0x20000108        0x4 ./system/src/newlib/syscalls.o
 .bss.openfiles
                0x2000010c       0xa0 ./system/src/newlib/syscalls.o
 .bss.errno     0x200001ac        0x4 ./system/src/newlib/syscalls.o
                0x200001ac                errno
 .bss.buf.0     0x200001b0       0x80 ./system/src/diag/trace.o
 .bss.receiverTimer
                0x20000230        0x4 ./src/main.o
                0x20000230                receiverTimer
 .bss.senderTimers
                0x20000234        0xc ./src/main.o
                0x20000234                senderTimers
 .bss.receiverSemaphore
                0x20000240        0x4 ./src/main.o
                0x20000240                receiverSemaphore
 .bss.senderSemaphores
                0x20000244        0xc ./src/main.o
                0x20000244                senderSemaphores
 .bss.xQueue    0x20000250        0x4 ./src/main.o
                0x20000250                xQueue
 .bss.iteration
                0x20000254        0x4 ./src/main.o
 .bss.receivedCount
                0x20000258        0x4 ./src/main.o
 .bss.blockedCount
                0x2000025c        0xc ./src/main.o
 .bss.sentCount
                0x20000268        0xc ./src/main.o
 .bss.random_value
                0x20000274        0x4 ./src/main.o
                0x20000274                random_value
 .bss.M3        0x20000278        0x4 ./src/main.o
                0x20000278                M3
 .bss.M2        0x2000027c        0x4 ./src/main.o
                0x2000027c                M2
 .bss.M1        0x20000280        0x4 ./src/main.o
                0x20000280                M1
 .bss.sum3      0x20000284        0x4 ./src/main.o
                0x20000284                sum3
 .bss.sum2      0x20000288        0x4 ./src/main.o
                0x20000288                sum2
 .bss.sum1      0x2000028c        0x4 ./src/main.o
                0x2000028c                sum1
 .bss.xBlockAllocatedBit
                0x20000290        0x4 ./FreeRTOS Source/portable/MemMang/heap_4.o
 .bss.xMinimumEverFreeBytesRemaining
                0x20000294        0x4 ./FreeRTOS Source/portable/MemMang/heap_4.o
 .bss.xFreeBytesRemaining
                0x20000298        0x4 ./FreeRTOS Source/portable/MemMang/heap_4.o
 .bss.pxEnd     0x2000029c        0x4 ./FreeRTOS Source/portable/MemMang/heap_4.o
 .bss.xStart    0x200002a0        0x8 ./FreeRTOS Source/portable/MemMang/heap_4.o
 .bss.ucHeap    0x200002a8    0x12c00 ./FreeRTOS Source/portable/MemMang/heap_4.o
 .bss.ulMaxPRIGROUPValue
                0x20012ea8        0x4 ./FreeRTOS Source/portable/GCC/ARM_CM4F/port.o
 .bss.ucMaxSysCallPriority
                0x20012eac        0x1 ./FreeRTOS Source/portable/GCC/ARM_CM4F/port.o
 *fill*         0x20012ead        0x3 
 .bss.xQueueRegistry
                0x20012eb0       0x40 ./FreeRTOS Source/queue.o
                0x20012eb0                xQueueRegistry
 .bss.uxSchedulerSuspended
                0x20012ef0        0x4 ./FreeRTOS Source/tasks.o
 .bss.xIdleTaskHandle
                0x20012ef4        0x4 ./FreeRTOS Source/tasks.o
 .bss.xNextTaskUnblockTime
                0x20012ef8        0x4 ./FreeRTOS Source/tasks.o
 .bss.uxTaskNumber
                0x20012efc        0x4 ./FreeRTOS Source/tasks.o
 .bss.xNumOfOverflows
                0x20012f00        0x4 ./FreeRTOS Source/tasks.o
 .bss.xYieldPending
                0x20012f04        0x4 ./FreeRTOS Source/tasks.o
 .bss.uxPendedTicks
                0x20012f08        0x4 ./FreeRTOS Source/tasks.o
 .bss.xSchedulerRunning
                0x20012f0c        0x4 ./FreeRTOS Source/tasks.o
 .bss.uxTopReadyPriority
                0x20012f10        0x4 ./FreeRTOS Source/tasks.o
 .bss.xTickCount
                0x20012f14        0x4 ./FreeRTOS Source/tasks.o
 .bss.uxCurrentNumberOfTasks
                0x20012f18        0x4 ./FreeRTOS Source/tasks.o
 .bss.xSuspendedTaskList
                0x20012f1c       0x14 ./FreeRTOS Source/tasks.o
 .bss.uxDeletedTasksWaitingCleanUp
                0x20012f30        0x4 ./FreeRTOS Source/tasks.o
 .bss.xTasksWaitingTermination
                0x20012f34       0x14 ./FreeRTOS Source/tasks.o
 .bss.xPendingReadyList
                0x20012f48       0x14 ./FreeRTOS Source/tasks.o
 .bss.pxOverflowDelayedTaskList
                0x20012f5c        0x4 ./FreeRTOS Source/tasks.o
 .bss.pxDelayedTaskList
                0x20012f60        0x4 ./FreeRTOS Source/tasks.o
 .bss.xDelayedTaskList2
                0x20012f64       0x14 ./FreeRTOS Source/tasks.o
 .bss.xDelayedTaskList1
                0x20012f78       0x14 ./FreeRTOS Source/tasks.o
 .bss.pxReadyTasksLists
                0x20012f8c       0x64 ./FreeRTOS Source/tasks.o
 .bss.pxCurrentTCB
                0x20012ff0        0x4 ./FreeRTOS Source/tasks.o
                0x20012ff0                pxCurrentTCB
 .bss.xLastTime.0
                0x20012ff4        0x4 ./FreeRTOS Source/timers.o
 .bss.xTimerTaskHandle
                0x20012ff8        0x4 ./FreeRTOS Source/timers.o
 .bss.xTimerQueue
                0x20012ffc        0x4 ./FreeRTOS Source/timers.o
 .bss.pxOverflowTimerList
                0x20013000        0x4 ./FreeRTOS Source/timers.o
 .bss.pxCurrentTimerList
                0x20013004        0x4 ./FreeRTOS Source/timers.o
 .bss.xActiveTimerList2
                0x20013008       0x14 ./FreeRTOS Source/timers.o
 .bss.xActiveTimerList1
                0x2001301c       0x14 ./FreeRTOS Source/timers.o
 .bss.__sf      0x20013030      0x138 C:/Users/HP/AppData/Roaming/xPacks/@xpack-dev-tools/arm-none-eabi-gcc/13.2.1-1.1.1/.content/bin/../lib/gcc/arm-none-eabi/13.2.1/../../../../arm-none-eabi/lib/thumb/v7e-m+fp/softfp\libg_nano.a(libc_a-findfp.o)
                0x20013030                __sf
 .bss.__stdio_exit_handler
                0x20013168        0x4 C:/Users/HP/AppData/Roaming/xPacks/@xpack-dev-tools/arm-none-eabi-gcc/13.2.1-1.1.1/.content/bin/../lib/gcc/arm-none-eabi/13.2.1/../../../../arm-none-eabi/lib/thumb/v7e-m+fp/softfp\libg_nano.a(libc_a-findfp.o)
                0x20013168                __stdio_exit_handler
 .bss.__lock___malloc_recursive_mutex
                0x2001316c        0x1 C:/Users/HP/AppData/Roaming/xPacks/@xpack-dev-tools/arm-none-eabi-gcc/13.2.1-1.1.1/.content/bin/../lib/gcc/arm-none-eabi/13.2.1/../../../../arm-none-eabi/lib/thumb/v7e-m+fp/softfp\libg_nano.a(libc_a-lock.o)
                0x2001316c                __lock___malloc_recursive_mutex
 .bss.__lock___sfp_recursive_mutex
                0x2001316d        0x1 C:/Users/HP/AppData/Roaming/xPacks/@xpack-dev-tools/arm-none-eabi-gcc/13.2.1-1.1.1/.content/bin/../lib/gcc/arm-none-eabi/13.2.1/../../../../arm-none-eabi/lib/thumb/v7e-m+fp/softfp\libg_nano.a(libc_a-lock.o)
                0x2001316d                __lock___sfp_recursive_mutex
 *fill*         0x2001316e        0x2 
 .bss.__malloc_sbrk_start
                0x20013170        0x4 C:/Users/HP/AppData/Roaming/xPacks/@xpack-dev-tools/arm-none-eabi-gcc/13.2.1-1.1.1/.content/bin/../lib/gcc/arm-none-eabi/13.2.1/../../../../arm-none-eabi/lib/thumb/v7e-m+fp/softfp\libg_nano.a(libc_a-mallocr.o)
                0x20013170                __malloc_sbrk_start
 .bss.__malloc_free_list
                0x20013174        0x4 C:/Users/HP/AppData/Roaming/xPacks/@xpack-dev-tools/arm-none-eabi-gcc/13.2.1-1.1.1/.content/bin/../lib/gcc/arm-none-eabi/13.2.1/../../../../arm-none-eabi/lib/thumb/v7e-m+fp/softfp\libg_nano.a(libc_a-mallocr.o)
                0x20013174                __malloc_free_list
 *(COMMON)
 *(.bss_end .bss_end.*)
 .bss_end       0x20013178        0x4 ./system/src/newlib/startup.o
                0x2001317c                        . = ALIGN (0x4)
                0x2001317c                        __bss_end__ = .
                0x2001317c                        _ebss = .

.noinit_CCMRAM
 *(.noinit.CCMRAM .noinit.CCMRAM.*)

.noinit         0x2001317c        0x0
                0x2001317c                        _noinit = .
 *(.noinit .noinit.*)
                0x2001317c                        . = ALIGN (0x4)
                0x2001317c                        _end_noinit = .
                [!provide]                        PROVIDE (end = _end_noinit)
                [!provide]                        PROVIDE (_end = _end_noinit)
                [!provide]                        PROVIDE (__end = _end_noinit)
                [!provide]                        PROVIDE (__end__ = _end_noinit)

._check_stack   0x2001317c      0x100
                0x2001327c                        . = (. + _Minimum_Stack_Size)
 *fill*         0x2001317c      0x100 

.b1text
 *(.b1text)
 *(.b1rodata)
 *(.b1rodata.*)

.eb0text
 *(.eb0text)
 *(.eb0rodata)
 *(.eb0rodata.*)

.eb1text
 *(.eb1text)
 *(.eb1rodata)
 *(.eb1rodata.*)

.eb2text
 *(.eb2text)
 *(.eb2rodata)
 *(.eb2rodata.*)

.eb3text
 *(.eb3text)
 *(.eb3rodata)
 *(.eb3rodata.*)

.stab
 *(.stab)

.stabstr
 *(.stabstr)

.stab.excl
 *(.stab.excl)

.stab.exclstr
 *(.stab.exclstr)

.stab.index
 *(.stab.index)

.stab.indexstr
 *(.stab.indexstr)

.comment        0x00000000       0x39
 *(.comment)
 .comment       0x00000000       0x39 ./system/src/stm32f4-hal/stm32f4xx_hal.o
                                 0x3a (size before relaxing)
 .comment       0x00000039       0x3a ./system/src/stm32f4-hal/stm32f4xx_hal_cortex.o
 .comment       0x00000039       0x3a ./system/src/stm32f4-hal/stm32f4xx_hal_rcc.o
 .comment       0x00000039       0x3a ./system/src/newlib/assert.o
 .comment       0x00000039       0x3a ./system/src/newlib/exit.o
 .comment       0x00000039       0x3a ./system/src/newlib/sbrk.o
 .comment       0x00000039       0x3a ./system/src/newlib/startup.o
 .comment       0x00000039       0x3a ./system/src/newlib/syscalls.o
 .comment       0x00000039       0x3a ./system/src/diag/trace-impl.o
 .comment       0x00000039       0x3a ./system/src/diag/trace.o
 .comment       0x00000039       0x3a ./system/src/cortexm/exception-handlers.o
 .comment       0x00000039       0x3a ./system/src/cortexm/initialize-hardware.o
 .comment       0x00000039       0x3a ./system/src/cmsis/system_stm32f4xx.o
 .comment       0x00000039       0x3a ./system/src/cmsis/vectors_stm32f407xx.o
 .comment       0x00000039       0x3a ./src/initialize-hardware.o
 .comment       0x00000039       0x3a ./src/main.o
 .comment       0x00000039       0x3a ./src/stm32f4xx_hal_msp.o
 .comment       0x00000039       0x3a ./FreeRTOS Source/portable/MemMang/heap_4.o
 .comment       0x00000039       0x3a ./FreeRTOS Source/portable/GCC/ARM_CM4F/port.o
 .comment       0x00000039       0x3a ./FreeRTOS Source/list.o
 .comment       0x00000039       0x3a ./FreeRTOS Source/queue.o
 .comment       0x00000039       0x3a ./FreeRTOS Source/tasks.o
 .comment       0x00000039       0x3a ./FreeRTOS Source/timers.o
 .comment       0x00000039       0x3a C:/Users/HP/AppData/Roaming/xPacks/@xpack-dev-tools/arm-none-eabi-gcc/13.2.1-1.1.1/.content/bin/../lib/gcc/arm-none-eabi/13.2.1/thumb/v7e-m+fp/softfp\libgcc.a(_udivmoddi4.o)
 .comment       0x00000039       0x3a C:/Users/HP/AppData/Roaming/xPacks/@xpack-dev-tools/arm-none-eabi-gcc/13.2.1-1.1.1/.content/bin/../lib/gcc/arm-none-eabi/13.2.1/../../../../arm-none-eabi/lib/thumb/v7e-m+fp/softfp\libg_nano.a(libc_a-rand.o)
 .comment       0x00000039       0x3a C:/Users/HP/AppData/Roaming/xPacks/@xpack-dev-tools/arm-none-eabi-gcc/13.2.1-1.1.1/.content/bin/../lib/gcc/arm-none-eabi/13.2.1/../../../../arm-none-eabi/lib/thumb/v7e-m+fp/softfp\libg_nano.a(libc_a-ctype_.o)
 .comment       0x00000039       0x3a C:/Users/HP/AppData/Roaming/xPacks/@xpack-dev-tools/arm-none-eabi-gcc/13.2.1-1.1.1/.content/bin/../lib/gcc/arm-none-eabi/13.2.1/../../../../arm-none-eabi/lib/thumb/v7e-m+fp/softfp\libg_nano.a(libc_a-findfp.o)
 .comment       0x00000039       0x3a C:/Users/HP/AppData/Roaming/xPacks/@xpack-dev-tools/arm-none-eabi-gcc/13.2.1-1.1.1/.content/bin/../lib/gcc/arm-none-eabi/13.2.1/../../../../arm-none-eabi/lib/thumb/v7e-m+fp/softfp\libg_nano.a(libc_a-fwalk.o)
 .comment       0x00000039       0x3a C:/Users/HP/AppData/Roaming/xPacks/@xpack-dev-tools/arm-none-eabi-gcc/13.2.1-1.1.1/.content/bin/../lib/gcc/arm-none-eabi/13.2.1/../../../../arm-none-eabi/lib/thumb/v7e-m+fp/softfp\libg_nano.a(libc_a-printf.o)
 .comment       0x00000039       0x3a C:/Users/HP/AppData/Roaming/xPacks/@xpack-dev-tools/arm-none-eabi-gcc/13.2.1-1.1.1/.content/bin/../lib/gcc/arm-none-eabi/13.2.1/../../../../arm-none-eabi/lib/thumb/v7e-m+fp/softfp\libg_nano.a(libc_a-putchar.o)
 .comment       0x00000039       0x3a C:/Users/HP/AppData/Roaming/xPacks/@xpack-dev-tools/arm-none-eabi-gcc/13.2.1-1.1.1/.content/bin/../lib/gcc/arm-none-eabi/13.2.1/../../../../arm-none-eabi/lib/thumb/v7e-m+fp/softfp\libg_nano.a(libc_a-puts.o)
 .comment       0x00000039       0x3a C:/Users/HP/AppData/Roaming/xPacks/@xpack-dev-tools/arm-none-eabi-gcc/13.2.1-1.1.1/.content/bin/../lib/gcc/arm-none-eabi/13.2.1/../../../../arm-none-eabi/lib/thumb/v7e-m+fp/softfp\libg_nano.a(libc_a-sprintf.o)
 .comment       0x00000039       0x3a C:/Users/HP/AppData/Roaming/xPacks/@xpack-dev-tools/arm-none-eabi-gcc/13.2.1-1.1.1/.content/bin/../lib/gcc/arm-none-eabi/13.2.1/../../../../arm-none-eabi/lib/thumb/v7e-m+fp/softfp\libg_nano.a(libc_a-stdio.o)
 .comment       0x00000039       0x3a C:/Users/HP/AppData/Roaming/xPacks/@xpack-dev-tools/arm-none-eabi-gcc/13.2.1-1.1.1/.content/bin/../lib/gcc/arm-none-eabi/13.2.1/../../../../arm-none-eabi/lib/thumb/v7e-m+fp/softfp\libg_nano.a(libc_a-vsnprintf.o)
 .comment       0x00000039       0x3a C:/Users/HP/AppData/Roaming/xPacks/@xpack-dev-tools/arm-none-eabi-gcc/13.2.1-1.1.1/.content/bin/../lib/gcc/arm-none-eabi/13.2.1/../../../../arm-none-eabi/lib/thumb/v7e-m+fp/softfp\libg_nano.a(libc_a-wbuf.o)
 .comment       0x00000039       0x3a C:/Users/HP/AppData/Roaming/xPacks/@xpack-dev-tools/arm-none-eabi-gcc/13.2.1-1.1.1/.content/bin/../lib/gcc/arm-none-eabi/13.2.1/../../../../arm-none-eabi/lib/thumb/v7e-m+fp/softfp\libg_nano.a(libc_a-wsetup.o)
 .comment       0x00000039       0x3a C:/Users/HP/AppData/Roaming/xPacks/@xpack-dev-tools/arm-none-eabi-gcc/13.2.1-1.1.1/.content/bin/../lib/gcc/arm-none-eabi/13.2.1/../../../../arm-none-eabi/lib/thumb/v7e-m+fp/softfp\libg_nano.a(libc_a-memset.o)
 .comment       0x00000039       0x3a C:/Users/HP/AppData/Roaming/xPacks/@xpack-dev-tools/arm-none-eabi-gcc/13.2.1-1.1.1/.content/bin/../lib/gcc/arm-none-eabi/13.2.1/../../../../arm-none-eabi/lib/thumb/v7e-m+fp/softfp\libg_nano.a(libc_a-time.o)
 .comment       0x00000039       0x3a C:/Users/HP/AppData/Roaming/xPacks/@xpack-dev-tools/arm-none-eabi-gcc/13.2.1-1.1.1/.content/bin/../lib/gcc/arm-none-eabi/13.2.1/../../../../arm-none-eabi/lib/thumb/v7e-m+fp/softfp\libg_nano.a(libc_a-closer.o)
 .comment       0x00000039       0x3a C:/Users/HP/AppData/Roaming/xPacks/@xpack-dev-tools/arm-none-eabi-gcc/13.2.1-1.1.1/.content/bin/../lib/gcc/arm-none-eabi/13.2.1/../../../../arm-none-eabi/lib/thumb/v7e-m+fp/softfp\libg_nano.a(libc_a-impure.o)
 .comment       0x00000039       0x3a C:/Users/HP/AppData/Roaming/xPacks/@xpack-dev-tools/arm-none-eabi-gcc/13.2.1-1.1.1/.content/bin/../lib/gcc/arm-none-eabi/13.2.1/../../../../arm-none-eabi/lib/thumb/v7e-m+fp/softfp\libg_nano.a(libc_a-gettimeofdayr.o)
 .comment       0x00000039       0x3a C:/Users/HP/AppData/Roaming/xPacks/@xpack-dev-tools/arm-none-eabi-gcc/13.2.1-1.1.1/.content/bin/../lib/gcc/arm-none-eabi/13.2.1/../../../../arm-none-eabi/lib/thumb/v7e-m+fp/softfp\libg_nano.a(libc_a-lseekr.o)
 .comment       0x00000039       0x3a C:/Users/HP/AppData/Roaming/xPacks/@xpack-dev-tools/arm-none-eabi-gcc/13.2.1-1.1.1/.content/bin/../lib/gcc/arm-none-eabi/13.2.1/../../../../arm-none-eabi/lib/thumb/v7e-m+fp/softfp\libg_nano.a(libc_a-readr.o)
 .comment       0x00000039       0x3a C:/Users/HP/AppData/Roaming/xPacks/@xpack-dev-tools/arm-none-eabi-gcc/13.2.1-1.1.1/.content/bin/../lib/gcc/arm-none-eabi/13.2.1/../../../../arm-none-eabi/lib/thumb/v7e-m+fp/softfp\libg_nano.a(libc_a-writer.o)
 .comment       0x00000039       0x3a C:/Users/HP/AppData/Roaming/xPacks/@xpack-dev-tools/arm-none-eabi-gcc/13.2.1-1.1.1/.content/bin/../lib/gcc/arm-none-eabi/13.2.1/../../../../arm-none-eabi/lib/thumb/v7e-m+fp/softfp\libg_nano.a(libc_a-errno.o)
 .comment       0x00000039       0x3a C:/Users/HP/AppData/Roaming/xPacks/@xpack-dev-tools/arm-none-eabi-gcc/13.2.1-1.1.1/.content/bin/../lib/gcc/arm-none-eabi/13.2.1/../../../../arm-none-eabi/lib/thumb/v7e-m+fp/softfp\libg_nano.a(libc_a-lock.o)
 .comment       0x00000039       0x3a C:/Users/HP/AppData/Roaming/xPacks/@xpack-dev-tools/arm-none-eabi-gcc/13.2.1-1.1.1/.content/bin/../lib/gcc/arm-none-eabi/13.2.1/../../../../arm-none-eabi/lib/thumb/v7e-m+fp/softfp\libg_nano.a(libc_a-memcpy-stub.o)
 .comment       0x00000039       0x3a C:/Users/HP/AppData/Roaming/xPacks/@xpack-dev-tools/arm-none-eabi-gcc/13.2.1-1.1.1/.content/bin/../lib/gcc/arm-none-eabi/13.2.1/../../../../arm-none-eabi/lib/thumb/v7e-m+fp/softfp\libg_nano.a(libc_a-freer.o)
 .comment       0x00000039       0x3a C:/Users/HP/AppData/Roaming/xPacks/@xpack-dev-tools/arm-none-eabi-gcc/13.2.1-1.1.1/.content/bin/../lib/gcc/arm-none-eabi/13.2.1/../../../../arm-none-eabi/lib/thumb/v7e-m+fp/softfp\libg_nano.a(libc_a-malloc.o)
 .comment       0x00000039       0x3a C:/Users/HP/AppData/Roaming/xPacks/@xpack-dev-tools/arm-none-eabi-gcc/13.2.1-1.1.1/.content/bin/../lib/gcc/arm-none-eabi/13.2.1/../../../../arm-none-eabi/lib/thumb/v7e-m+fp/softfp\libg_nano.a(libc_a-mallocr.o)
 .comment       0x00000039       0x3a C:/Users/HP/AppData/Roaming/xPacks/@xpack-dev-tools/arm-none-eabi-gcc/13.2.1-1.1.1/.content/bin/../lib/gcc/arm-none-eabi/13.2.1/../../../../arm-none-eabi/lib/thumb/v7e-m+fp/softfp\libg_nano.a(libc_a-mlock.o)
 .comment       0x00000039       0x3a C:/Users/HP/AppData/Roaming/xPacks/@xpack-dev-tools/arm-none-eabi-gcc/13.2.1-1.1.1/.content/bin/../lib/gcc/arm-none-eabi/13.2.1/../../../../arm-none-eabi/lib/thumb/v7e-m+fp/softfp\libg_nano.a(libc_a-nano-svfprintf.o)
 .comment       0x00000039       0x3a C:/Users/HP/AppData/Roaming/xPacks/@xpack-dev-tools/arm-none-eabi-gcc/13.2.1-1.1.1/.content/bin/../lib/gcc/arm-none-eabi/13.2.1/../../../../arm-none-eabi/lib/thumb/v7e-m+fp/softfp\libg_nano.a(libc_a-nano-vfprintf.o)
 .comment       0x00000039       0x3a C:/Users/HP/AppData/Roaming/xPacks/@xpack-dev-tools/arm-none-eabi-gcc/13.2.1-1.1.1/.content/bin/../lib/gcc/arm-none-eabi/13.2.1/../../../../arm-none-eabi/lib/thumb/v7e-m+fp/softfp\libg_nano.a(libc_a-nano-vfprintf_i.o)
 .comment       0x00000039       0x3a C:/Users/HP/AppData/Roaming/xPacks/@xpack-dev-tools/arm-none-eabi-gcc/13.2.1-1.1.1/.content/bin/../lib/gcc/arm-none-eabi/13.2.1/../../../../arm-none-eabi/lib/thumb/v7e-m+fp/softfp\libg_nano.a(libc_a-fflush.o)
 .comment       0x00000039       0x3a C:/Users/HP/AppData/Roaming/xPacks/@xpack-dev-tools/arm-none-eabi-gcc/13.2.1-1.1.1/.content/bin/../lib/gcc/arm-none-eabi/13.2.1/../../../../arm-none-eabi/lib/thumb/v7e-m+fp/softfp\libg_nano.a(libc_a-makebuf.o)
 .comment       0x00000039       0x3a C:/Users/HP/AppData/Roaming/xPacks/@xpack-dev-tools/arm-none-eabi-gcc/13.2.1-1.1.1/.content/bin/../lib/gcc/arm-none-eabi/13.2.1/../../../../arm-none-eabi/lib/thumb/v7e-m+fp/softfp\libg_nano.a(libc_a-putc.o)
 .comment       0x00000039       0x3a C:/Users/HP/AppData/Roaming/xPacks/@xpack-dev-tools/arm-none-eabi-gcc/13.2.1-1.1.1/.content/bin/../lib/gcc/arm-none-eabi/13.2.1/../../../../arm-none-eabi/lib/thumb/v7e-m+fp/softfp\libg_nano.a(libc_a-memmove.o)
 .comment       0x00000039       0x3a C:/Users/HP/AppData/Roaming/xPacks/@xpack-dev-tools/arm-none-eabi-gcc/13.2.1-1.1.1/.content/bin/../lib/gcc/arm-none-eabi/13.2.1/../../../../arm-none-eabi/lib/thumb/v7e-m+fp/softfp\libg_nano.a(libc_a-fstatr.o)
 .comment       0x00000039       0x3a C:/Users/HP/AppData/Roaming/xPacks/@xpack-dev-tools/arm-none-eabi-gcc/13.2.1-1.1.1/.content/bin/../lib/gcc/arm-none-eabi/13.2.1/../../../../arm-none-eabi/lib/thumb/v7e-m+fp/softfp\libg_nano.a(libc_a-isattyr.o)
 .comment       0x00000039       0x3a C:/Users/HP/AppData/Roaming/xPacks/@xpack-dev-tools/arm-none-eabi-gcc/13.2.1-1.1.1/.content/bin/../lib/gcc/arm-none-eabi/13.2.1/../../../../arm-none-eabi/lib/thumb/v7e-m+fp/softfp\libg_nano.a(libc_a-sbrkr.o)
 .comment       0x00000039       0x3a C:/Users/HP/AppData/Roaming/xPacks/@xpack-dev-tools/arm-none-eabi-gcc/13.2.1-1.1.1/.content/bin/../lib/gcc/arm-none-eabi/13.2.1/../../../../arm-none-eabi/lib/thumb/v7e-m+fp/softfp\libg_nano.a(libc_a-reallocr.o)
 .comment       0x00000039       0x3a C:/Users/HP/AppData/Roaming/xPacks/@xpack-dev-tools/arm-none-eabi-gcc/13.2.1-1.1.1/.content/bin/../lib/gcc/arm-none-eabi/13.2.1/../../../../arm-none-eabi/lib/thumb/v7e-m+fp/softfp\libg_nano.a(libc_a-msizer.o)

.ARM.attributes
                0x00000000       0x30
 .ARM.attributes
                0x00000000       0x32 ./system/src/stm32f4-hal/stm32f4xx_hal.o
 .ARM.attributes
                0x00000032       0x32 ./system/src/stm32f4-hal/stm32f4xx_hal_cortex.o
 .ARM.attributes
                0x00000064       0x32 ./system/src/stm32f4-hal/stm32f4xx_hal_rcc.o
 .ARM.attributes
                0x00000096       0x32 ./system/src/newlib/assert.o
 .ARM.attributes
                0x000000c8       0x32 ./system/src/newlib/exit.o
 .ARM.attributes
                0x000000fa       0x32 ./system/src/newlib/sbrk.o
 .ARM.attributes
                0x0000012c       0x32 ./system/src/newlib/startup.o
 .ARM.attributes
                0x0000015e       0x32 ./system/src/newlib/syscalls.o
 .ARM.attributes
                0x00000190       0x32 ./system/src/diag/trace-impl.o
 .ARM.attributes
                0x000001c2       0x32 ./system/src/diag/trace.o
 .ARM.attributes
                0x000001f4       0x32 ./system/src/cortexm/exception-handlers.o
 .ARM.attributes
                0x00000226       0x32 ./system/src/cortexm/initialize-hardware.o
 .ARM.attributes
                0x00000258       0x32 ./system/src/cmsis/system_stm32f4xx.o
 .ARM.attributes
                0x0000028a       0x32 ./system/src/cmsis/vectors_stm32f407xx.o
 .ARM.attributes
                0x000002bc       0x32 ./src/initialize-hardware.o
 .ARM.attributes
                0x000002ee       0x32 ./src/main.o
 .ARM.attributes
                0x00000320       0x32 ./src/stm32f4xx_hal_msp.o
 .ARM.attributes
                0x00000352       0x32 ./FreeRTOS Source/portable/MemMang/heap_4.o
 .ARM.attributes
                0x00000384       0x32 ./FreeRTOS Source/portable/GCC/ARM_CM4F/port.o
 .ARM.attributes
                0x000003b6       0x32 ./FreeRTOS Source/list.o
 .ARM.attributes
                0x000003e8       0x32 ./FreeRTOS Source/queue.o
 .ARM.attributes
                0x0000041a       0x32 ./FreeRTOS Source/tasks.o
 .ARM.attributes
                0x0000044c       0x32 ./FreeRTOS Source/timers.o
 .ARM.attributes
                0x0000047e       0x22 C:/Users/HP/AppData/Roaming/xPacks/@xpack-dev-tools/arm-none-eabi-gcc/13.2.1-1.1.1/.content/bin/../lib/gcc/arm-none-eabi/13.2.1/thumb/v7e-m+fp/softfp\libgcc.a(_aeabi_uldivmod.o)
 .ARM.attributes
                0x000004a0       0x32 C:/Users/HP/AppData/Roaming/xPacks/@xpack-dev-tools/arm-none-eabi-gcc/13.2.1-1.1.1/.content/bin/../lib/gcc/arm-none-eabi/13.2.1/thumb/v7e-m+fp/softfp\libgcc.a(_udivmoddi4.o)
 .ARM.attributes
                0x000004d2       0x22 C:/Users/HP/AppData/Roaming/xPacks/@xpack-dev-tools/arm-none-eabi-gcc/13.2.1-1.1.1/.content/bin/../lib/gcc/arm-none-eabi/13.2.1/thumb/v7e-m+fp/softfp\libgcc.a(_dvmd_tls.o)
 .ARM.attributes
                0x000004f4       0x32 C:/Users/HP/AppData/Roaming/xPacks/@xpack-dev-tools/arm-none-eabi-gcc/13.2.1-1.1.1/.content/bin/../lib/gcc/arm-none-eabi/13.2.1/../../../../arm-none-eabi/lib/thumb/v7e-m+fp/softfp\libg_nano.a(libc_a-rand.o)
 .ARM.attributes
                0x00000526       0x32 C:/Users/HP/AppData/Roaming/xPacks/@xpack-dev-tools/arm-none-eabi-gcc/13.2.1-1.1.1/.content/bin/../lib/gcc/arm-none-eabi/13.2.1/../../../../arm-none-eabi/lib/thumb/v7e-m+fp/softfp\libg_nano.a(libc_a-ctype_.o)
 .ARM.attributes
                0x00000558       0x32 C:/Users/HP/AppData/Roaming/xPacks/@xpack-dev-tools/arm-none-eabi-gcc/13.2.1-1.1.1/.content/bin/../lib/gcc/arm-none-eabi/13.2.1/../../../../arm-none-eabi/lib/thumb/v7e-m+fp/softfp\libg_nano.a(libc_a-findfp.o)
 .ARM.attributes
                0x0000058a       0x32 C:/Users/HP/AppData/Roaming/xPacks/@xpack-dev-tools/arm-none-eabi-gcc/13.2.1-1.1.1/.content/bin/../lib/gcc/arm-none-eabi/13.2.1/../../../../arm-none-eabi/lib/thumb/v7e-m+fp/softfp\libg_nano.a(libc_a-fwalk.o)
 .ARM.attributes
                0x000005bc       0x32 C:/Users/HP/AppData/Roaming/xPacks/@xpack-dev-tools/arm-none-eabi-gcc/13.2.1-1.1.1/.content/bin/../lib/gcc/arm-none-eabi/13.2.1/../../../../arm-none-eabi/lib/thumb/v7e-m+fp/softfp\libg_nano.a(libc_a-printf.o)
 .ARM.attributes
                0x000005ee       0x32 C:/Users/HP/AppData/Roaming/xPacks/@xpack-dev-tools/arm-none-eabi-gcc/13.2.1-1.1.1/.content/bin/../lib/gcc/arm-none-eabi/13.2.1/../../../../arm-none-eabi/lib/thumb/v7e-m+fp/softfp\libg_nano.a(libc_a-putchar.o)
 .ARM.attributes
                0x00000620       0x32 C:/Users/HP/AppData/Roaming/xPacks/@xpack-dev-tools/arm-none-eabi-gcc/13.2.1-1.1.1/.content/bin/../lib/gcc/arm-none-eabi/13.2.1/../../../../arm-none-eabi/lib/thumb/v7e-m+fp/softfp\libg_nano.a(libc_a-puts.o)
 .ARM.attributes
                0x00000652       0x32 C:/Users/HP/AppData/Roaming/xPacks/@xpack-dev-tools/arm-none-eabi-gcc/13.2.1-1.1.1/.content/bin/../lib/gcc/arm-none-eabi/13.2.1/../../../../arm-none-eabi/lib/thumb/v7e-m+fp/softfp\libg_nano.a(libc_a-sprintf.o)
 .ARM.attributes
                0x00000684       0x32 C:/Users/HP/AppData/Roaming/xPacks/@xpack-dev-tools/arm-none-eabi-gcc/13.2.1-1.1.1/.content/bin/../lib/gcc/arm-none-eabi/13.2.1/../../../../arm-none-eabi/lib/thumb/v7e-m+fp/softfp\libg_nano.a(libc_a-stdio.o)
 .ARM.attributes
                0x000006b6       0x32 C:/Users/HP/AppData/Roaming/xPacks/@xpack-dev-tools/arm-none-eabi-gcc/13.2.1-1.1.1/.content/bin/../lib/gcc/arm-none-eabi/13.2.1/../../../../arm-none-eabi/lib/thumb/v7e-m+fp/softfp\libg_nano.a(libc_a-vsnprintf.o)
 .ARM.attributes
                0x000006e8       0x32 C:/Users/HP/AppData/Roaming/xPacks/@xpack-dev-tools/arm-none-eabi-gcc/13.2.1-1.1.1/.content/bin/../lib/gcc/arm-none-eabi/13.2.1/../../../../arm-none-eabi/lib/thumb/v7e-m+fp/softfp\libg_nano.a(libc_a-wbuf.o)
 .ARM.attributes
                0x0000071a       0x32 C:/Users/HP/AppData/Roaming/xPacks/@xpack-dev-tools/arm-none-eabi-gcc/13.2.1-1.1.1/.content/bin/../lib/gcc/arm-none-eabi/13.2.1/../../../../arm-none-eabi/lib/thumb/v7e-m+fp/softfp\libg_nano.a(libc_a-wsetup.o)
 .ARM.attributes
                0x0000074c       0x32 C:/Users/HP/AppData/Roaming/xPacks/@xpack-dev-tools/arm-none-eabi-gcc/13.2.1-1.1.1/.content/bin/../lib/gcc/arm-none-eabi/13.2.1/../../../../arm-none-eabi/lib/thumb/v7e-m+fp/softfp\libg_nano.a(libc_a-memset.o)
 .ARM.attributes
                0x0000077e       0x32 C:/Users/HP/AppData/Roaming/xPacks/@xpack-dev-tools/arm-none-eabi-gcc/13.2.1-1.1.1/.content/bin/../lib/gcc/arm-none-eabi/13.2.1/../../../../arm-none-eabi/lib/thumb/v7e-m+fp/softfp\libg_nano.a(libc_a-time.o)
 .ARM.attributes
                0x000007b0       0x32 C:/Users/HP/AppData/Roaming/xPacks/@xpack-dev-tools/arm-none-eabi-gcc/13.2.1-1.1.1/.content/bin/../lib/gcc/arm-none-eabi/13.2.1/../../../../arm-none-eabi/lib/thumb/v7e-m+fp/softfp\libg_nano.a(libc_a-closer.o)
 .ARM.attributes
                0x000007e2       0x32 C:/Users/HP/AppData/Roaming/xPacks/@xpack-dev-tools/arm-none-eabi-gcc/13.2.1-1.1.1/.content/bin/../lib/gcc/arm-none-eabi/13.2.1/../../../../arm-none-eabi/lib/thumb/v7e-m+fp/softfp\libg_nano.a(libc_a-impure.o)
 .ARM.attributes
                0x00000814       0x32 C:/Users/HP/AppData/Roaming/xPacks/@xpack-dev-tools/arm-none-eabi-gcc/13.2.1-1.1.1/.content/bin/../lib/gcc/arm-none-eabi/13.2.1/../../../../arm-none-eabi/lib/thumb/v7e-m+fp/softfp\libg_nano.a(libc_a-gettimeofdayr.o)
 .ARM.attributes
                0x00000846       0x32 C:/Users/HP/AppData/Roaming/xPacks/@xpack-dev-tools/arm-none-eabi-gcc/13.2.1-1.1.1/.content/bin/../lib/gcc/arm-none-eabi/13.2.1/../../../../arm-none-eabi/lib/thumb/v7e-m+fp/softfp\libg_nano.a(libc_a-lseekr.o)
 .ARM.attributes
                0x00000878       0x32 C:/Users/HP/AppData/Roaming/xPacks/@xpack-dev-tools/arm-none-eabi-gcc/13.2.1-1.1.1/.content/bin/../lib/gcc/arm-none-eabi/13.2.1/../../../../arm-none-eabi/lib/thumb/v7e-m+fp/softfp\libg_nano.a(libc_a-readr.o)
 .ARM.attributes
                0x000008aa       0x32 C:/Users/HP/AppData/Roaming/xPacks/@xpack-dev-tools/arm-none-eabi-gcc/13.2.1-1.1.1/.content/bin/../lib/gcc/arm-none-eabi/13.2.1/../../../../arm-none-eabi/lib/thumb/v7e-m+fp/softfp\libg_nano.a(libc_a-writer.o)
 .ARM.attributes
                0x000008dc       0x32 C:/Users/HP/AppData/Roaming/xPacks/@xpack-dev-tools/arm-none-eabi-gcc/13.2.1-1.1.1/.content/bin/../lib/gcc/arm-none-eabi/13.2.1/../../../../arm-none-eabi/lib/thumb/v7e-m+fp/softfp\libg_nano.a(libc_a-errno.o)
 .ARM.attributes
                0x0000090e       0x32 C:/Users/HP/AppData/Roaming/xPacks/@xpack-dev-tools/arm-none-eabi-gcc/13.2.1-1.1.1/.content/bin/../lib/gcc/arm-none-eabi/13.2.1/../../../../arm-none-eabi/lib/thumb/v7e-m+fp/softfp\libg_nano.a(libc_a-lock.o)
 .ARM.attributes
                0x00000940       0x20 C:/Users/HP/AppData/Roaming/xPacks/@xpack-dev-tools/arm-none-eabi-gcc/13.2.1-1.1.1/.content/bin/../lib/gcc/arm-none-eabi/13.2.1/../../../../arm-none-eabi/lib/thumb/v7e-m+fp/softfp\libg_nano.a(libc_a-strcmp.o)
 .ARM.attributes
                0x00000960       0x32 C:/Users/HP/AppData/Roaming/xPacks/@xpack-dev-tools/arm-none-eabi-gcc/13.2.1-1.1.1/.content/bin/../lib/gcc/arm-none-eabi/13.2.1/../../../../arm-none-eabi/lib/thumb/v7e-m+fp/softfp\libg_nano.a(libc_a-memcpy-stub.o)
 .ARM.attributes
                0x00000992       0x17 C:/Users/HP/AppData/Roaming/xPacks/@xpack-dev-tools/arm-none-eabi-gcc/13.2.1-1.1.1/.content/bin/../lib/gcc/arm-none-eabi/13.2.1/../../../../arm-none-eabi/lib/thumb/v7e-m+fp/softfp\libg_nano.a(libc_a-strlen.o)
 .ARM.attributes
                0x000009a9       0x32 C:/Users/HP/AppData/Roaming/xPacks/@xpack-dev-tools/arm-none-eabi-gcc/13.2.1-1.1.1/.content/bin/../lib/gcc/arm-none-eabi/13.2.1/../../../../arm-none-eabi/lib/thumb/v7e-m+fp/softfp\libg_nano.a(libc_a-freer.o)
 .ARM.attributes
                0x000009db       0x32 C:/Users/HP/AppData/Roaming/xPacks/@xpack-dev-tools/arm-none-eabi-gcc/13.2.1-1.1.1/.content/bin/../lib/gcc/arm-none-eabi/13.2.1/../../../../arm-none-eabi/lib/thumb/v7e-m+fp/softfp\libg_nano.a(libc_a-malloc.o)
 .ARM.attributes
                0x00000a0d       0x32 C:/Users/HP/AppData/Roaming/xPacks/@xpack-dev-tools/arm-none-eabi-gcc/13.2.1-1.1.1/.content/bin/../lib/gcc/arm-none-eabi/13.2.1/../../../../arm-none-eabi/lib/thumb/v7e-m+fp/softfp\libg_nano.a(libc_a-mallocr.o)
 .ARM.attributes
                0x00000a3f       0x32 C:/Users/HP/AppData/Roaming/xPacks/@xpack-dev-tools/arm-none-eabi-gcc/13.2.1-1.1.1/.content/bin/../lib/gcc/arm-none-eabi/13.2.1/../../../../arm-none-eabi/lib/thumb/v7e-m+fp/softfp\libg_nano.a(libc_a-mlock.o)
 .ARM.attributes